Component: ARM Compiler 5.06 update 7 (build 960) Tool: armlink [4d3601]

==============================================================================

Section Cross References

    startup_stm32f407xx.o(RESET) refers to startup_stm32f407xx.o(STACK) for __initial_sp
    startup_stm32f407xx.o(RESET) refers to startup_stm32f407xx.o(.text) for Reset_Handler
    startup_stm32f407xx.o(RESET) refers to stm32f4xx_it.o(i.NMI_Handler) for NMI_Handler
    startup_stm32f407xx.o(RESET) refers to stm32f4xx_it.o(i.HardFault_Handler) for HardFault_Handler
    startup_stm32f407xx.o(RESET) refers to stm32f4xx_it.o(i.MemManage_Handler) for MemManage_Handler
    startup_stm32f407xx.o(RESET) refers to stm32f4xx_it.o(i.BusFault_Handler) for BusFault_Handler
    startup_stm32f407xx.o(RESET) refers to stm32f4xx_it.o(i.UsageFault_Handler) for UsageFault_Handler
    startup_stm32f407xx.o(RESET) refers to stm32f4xx_it.o(i.SVC_Handler) for SVC_Handler
    startup_stm32f407xx.o(RESET) refers to stm32f4xx_it.o(i.DebugMon_Handler) for DebugMon_Handler
    startup_stm32f407xx.o(RESET) refers to stm32f4xx_it.o(i.PendSV_Handler) for PendSV_Handler
    startup_stm32f407xx.o(RESET) refers to stm32f4xx_it.o(i.SysTick_Handler) for SysTick_Handler
    startup_stm32f407xx.o(RESET) refers to stm32f4xx_it.o(i.EXTI0_IRQHandler) for EXTI0_IRQHandler
    startup_stm32f407xx.o(RESET) refers to stm32f4xx_it.o(i.DMA1_Stream1_IRQHandler) for DMA1_Stream1_IRQHandler
    startup_stm32f407xx.o(RESET) refers to stm32f4xx_it.o(i.DMA1_Stream3_IRQHandler) for DMA1_Stream3_IRQHandler
    startup_stm32f407xx.o(RESET) refers to stm32f4xx_it.o(i.DMA1_Stream5_IRQHandler) for DMA1_Stream5_IRQHandler
    startup_stm32f407xx.o(RESET) refers to stm32f4xx_it.o(i.DMA1_Stream6_IRQHandler) for DMA1_Stream6_IRQHandler
    startup_stm32f407xx.o(RESET) refers to stm32f4xx_it.o(i.TIM3_IRQHandler) for TIM3_IRQHandler
    startup_stm32f407xx.o(RESET) refers to stm32f4xx_it.o(i.USART1_IRQHandler) for USART1_IRQHandler
    startup_stm32f407xx.o(RESET) refers to stm32f4xx_it.o(i.USART2_IRQHandler) for USART2_IRQHandler
    startup_stm32f407xx.o(RESET) refers to stm32f4xx_it.o(i.USART3_IRQHandler) for USART3_IRQHandler
    startup_stm32f407xx.o(RESET) refers to stm32f4xx_it.o(i.UART4_IRQHandler) for UART4_IRQHandler
    startup_stm32f407xx.o(RESET) refers to stm32f4xx_it.o(i.DMA2_Stream1_IRQHandler) for DMA2_Stream1_IRQHandler
    startup_stm32f407xx.o(RESET) refers to stm32f4xx_it.o(i.DMA2_Stream2_IRQHandler) for DMA2_Stream2_IRQHandler
    startup_stm32f407xx.o(RESET) refers to stm32f4xx_it.o(i.DMA2_Stream6_IRQHandler) for DMA2_Stream6_IRQHandler
    startup_stm32f407xx.o(RESET) refers to stm32f4xx_it.o(i.DMA2_Stream7_IRQHandler) for DMA2_Stream7_IRQHandler
    startup_stm32f407xx.o(RESET) refers to stm32f4xx_it.o(i.USART6_IRQHandler) for USART6_IRQHandler
    startup_stm32f407xx.o(.text) refers to system_stm32f4xx.o(i.SystemInit) for SystemInit
    startup_stm32f407xx.o(.text) refers to entry.o(.ARM.Collect$$$$00000000) for __main
    main.o(i.Go) refers to stm32f4xx_hal_tim.o(i.HAL_TIM_Base_Stop_IT) for HAL_TIM_Base_Stop_IT
    main.o(i.Go) refers to emm_v5.o(i.Emm_V5_Vel_Control) for Emm_V5_Vel_Control
    main.o(i.Go) refers to main.o(i.TBQD) for TBQD
    main.o(i.Go) refers to delay.o(i.delay_ms) for delay_ms
    main.o(i.Go) refers to stm32f4xx_hal_tim.o(i.HAL_TIM_Base_Start_IT) for HAL_TIM_Base_Start_IT
    main.o(i.Go) refers to tim.o(.bss) for htim3
    main.o(i.Go) refers to main.o(.data) for .data
    main.o(i.HAL_GPIO_EXTI_Callback) refers to stm32f4xx_hal_gpio.o(i.HAL_GPIO_WritePin) for HAL_GPIO_WritePin
    main.o(i.HAL_GPIO_EXTI_Callback) refers to main.o(.data) for .data
    main.o(i.HAL_TIM_PeriodElapsedCallback) refers to emm_v5.o(i.Right) for Right
    main.o(i.HAL_TIM_PeriodElapsedCallback) refers to emm_v5.o(i.Left) for Left
    main.o(i.HAL_TIM_PeriodElapsedCallback) refers to main.o(i.Set_Speed) for Set_Speed
    main.o(i.HAL_TIM_PeriodElapsedCallback) refers to main.o(.data) for .data
    main.o(i.HAL_UARTEx_RxEventCallback) refers to _scanf_int.o(.text) for _scanf_int
    main.o(i.HAL_UARTEx_RxEventCallback) refers to scanf_fp.o(.text) for _scanf_real
    main.o(i.HAL_UARTEx_RxEventCallback) refers to memcpya.o(.text) for __aeabi_memcpy4
    main.o(i.HAL_UARTEx_RxEventCallback) refers to __0sscanf.o(.text) for __0sscanf
    main.o(i.HAL_UARTEx_RxEventCallback) refers to memseta.o(.text) for __aeabi_memclr4
    main.o(i.HAL_UARTEx_RxEventCallback) refers to stm32f4xx_hal_uart.o(i.HAL_UARTEx_ReceiveToIdle_DMA) for HAL_UARTEx_ReceiveToIdle_DMA
    main.o(i.HAL_UARTEx_RxEventCallback) refers to main.o(.bss) for .bss
    main.o(i.HAL_UARTEx_RxEventCallback) refers to main.o(.data) for .data
    main.o(i.HAL_UARTEx_RxEventCallback) refers to usart.o(.bss) for huart1
    main.o(i.HAL_UART_RxCpltCallback) refers to _scanf_int.o(.text) for _scanf_int
    main.o(i.HAL_UART_RxCpltCallback) refers to __0sscanf.o(.text) for __0sscanf
[...]
    __lit__00000000                          0x0800019c   Data           4  entry2.o(.ARM.Collect$$$$00002712)
    .text                                    0x080001a0   Section       36  startup_stm32f407xx.o(.text)
    $v0                                      0x080001a0   Number         0  startup_stm32f407xx.o(.text)
    .text                                    0x080001c4   Section        0  uldiv.o(.text)
    .text                                    0x08000226   Section        0  memcpya.o(.text)
    .text                                    0x0800024a   Section        0  memseta.o(.text)
    .text                                    0x08000270   Section        0  __0sscanf.o(.text)
    .text                                    0x080002a8   Section        0  _scanf_int.o(.text)
    .text                                    0x080003f4   Section        0  scanf_fp.o(.text)
    _fp_value                                0x080003f5   Thumb Code   296  scanf_fp.o(.text)
    .text                                    0x08000754   Section        0  dadd.o(.text)
    .text                                    0x080008a2   Section        0  dmul.o(.text)
    .text                                    0x08000986   Section        0  ddiv.o(.text)
    .text                                    0x08000a64   Section        0  dflti.o(.text)
    .text                                    0x08000a86   Section        0  dfixi.o(.text)
    .text                                    0x08000ac4   Section        0  f2d.o(.text)
    .text                                    0x08000aec   Section       48  cdcmple.o(.text)
    .text                                    0x08000b1c   Section       48  cdrcmple.o(.text)
    .text                                    0x08000b4c   Section        0  d2f.o(.text)
    .text                                    0x08000b84   Section        0  llshl.o(.text)
    .text                                    0x08000ba2   Section        0  llushr.o(.text)
    .text                                    0x08000bc2   Section        0  llsshr.o(.text)
    .text                                    0x08000be6   Section        0  _chval.o(.text)
    .text                                    0x08000c04   Section        0  scanf_char.o(.text)
    _scanf_char_input                        0x08000c05   Thumb Code    12  scanf_char.o(.text)
    .text                                    0x08000c2c   Section        0  _sgetc.o(.text)
    .text                                    0x08000c6c   Section        0  fepilogue.o(.text)
    .text                                    0x08000c6c   Section        0  iusefp.o(.text)
    .text                                    0x08000cda   Section        0  depilogue.o(.text)
    .text                                    0x08000d94   Section        0  dfltul.o(.text)
    .text                                    0x08000dac   Section       36  init.o(.text)
    .text                                    0x08000dd0   Section        0  isspace_c.o(.text)
    .text                                    0x08000ddc   Section        0  _scanf.o(.text)
    .text                                    0x0800110c   Section        0  ctype_c.o(.text)
    i.BusFault_Handler                       0x08001134   Section        0  stm32f4xx_it.o(i.BusFault_Handler)
    i.DMA1_Stream1_IRQHandler                0x08001138   Section        0  stm32f4xx_it.o(i.DMA1_Stream1_IRQHandler)
    i.DMA1_Stream3_IRQHandler                0x08001144   Section        0  stm32f4xx_it.o(i.DMA1_Stream3_IRQHandler)
    i.DMA1_Stream5_IRQHandler                0x08001150   Section        0  stm32f4xx_it.o(i.DMA1_Stream5_IRQHandler)
    i.DMA1_Stream6_IRQHandler                0x0800115c   Section        0  stm32f4xx_it.o(i.DMA1_Stream6_IRQHandler)
    i.DMA2_Stream1_IRQHandler                0x08001168   Section        0  stm32f4xx_it.o(i.DMA2_Stream1_IRQHandler)
    i.DMA2_Stream2_IRQHandler                0x08001174   Section        0  stm32f4xx_it.o(i.DMA2_Stream2_IRQHandler)
    i.DMA2_Stream6_IRQHandler                0x08001180   Section        0  stm32f4xx_it.o(i.DMA2_Stream6_IRQHandler)
    i.DMA2_Stream7_IRQHandler                0x0800118c   Section        0  stm32f4xx_it.o(i.DMA2_Stream7_IRQHandler)
    i.DMA_CalcBaseAndBitshift                0x08001198   Section        0  stm32f4xx_hal_dma.o(i.DMA_CalcBaseAndBitshift)
    DMA_CalcBaseAndBitshift                  0x08001199   Thumb Code    34  stm32f4xx_hal_dma.o(i.DMA_CalcBaseAndBitshift)
    i.DMA_CheckFifoParam                     0x080011c0   Section        0  stm32f4xx_hal_dma.o(i.DMA_CheckFifoParam)
    DMA_CheckFifoParam                       0x080011c1   Thumb Code    84  stm32f4xx_hal_dma.o(i.DMA_CheckFifoParam)
    i.DMA_SetConfig                          0x08001214   Section        0  stm32f4xx_hal_dma.o(i.DMA_SetConfig)
    DMA_SetConfig                            0x08001215   Thumb Code    40  stm32f4xx_hal_dma.o(i.DMA_SetConfig)
    i.DebugMon_Handler                       0x0800123c   Section        0  stm32f4xx_it.o(i.DebugMon_Handler)
    i.EXTI0_IRQHandler                       0x0800123e   Section        0  stm32f4xx_it.o(i.EXTI0_IRQHandler)
    i.Emm_V5_Pos_Control                     0x08001244   Section        0  emm_v5.o(i.Emm_V5_Pos_Control)
    i.Emm_V5_Read_Sys_Params                 0x080012a4   Section        0  emm_v5.o(i.Emm_V5_Read_Sys_Params)
    i.Emm_V5_Synchronous_motion              0x0800132e   Section        0  emm_v5.o(i.Emm_V5_Synchronous_motion)
    i.Emm_V5_Vel_Control                     0x0800135a   Section        0  emm_v5.o(i.Emm_V5_Vel_Control)
    i.Error_Handler                          0x08001398   Section        0  main.o(i.Error_Handler)
    i.Go                                     0x0800139c   Section        0  main.o(i.Go)
    i.HAL_DMA_Abort                          0x080014b8   Section        0  stm32f4xx_hal_dma.o(i.HAL_DMA_Abort)
    i.HAL_DMA_Abort_IT                       0x0800154a   Section        0  stm32f4xx_hal_dma.o(i.HAL_DMA_Abort_IT)
    i.HAL_DMA_IRQHandler                     0x08001570   Section        0  stm32f4xx_hal_dma.o(i.HAL_DMA_IRQHandler)
    i.HAL_DMA_Init                           0x08001710   Section        0  stm32f4xx_hal_dma.o(i.HAL_DMA_Init)
    i.HAL_DMA_Start_IT                       0x080017e4   Section        0  stm32f4xx_hal_dma.o(i.HAL_DMA_Start_IT)
    i.HAL_GPIO_EXTI_Callback                 0x08001854   Section        0  main.o(i.HAL_GPIO_EXTI_Callback)
    i.HAL_GPIO_EXTI_IRQHandler               0x08001874   Section        0  stm32f4xx_hal_gpio.o(i.HAL_GPIO_EXTI_IRQHandler)
    i.HAL_GPIO_Init                          0x0800188c   Section        0  stm32f4xx_hal_gpio.o(i.HAL_GPIO_Init)
    i.HAL_GPIO_WritePin                      0x08001a7c   Section        0  stm32f4xx_hal_gpio.o(i.HAL_GPIO_WritePin)
    i.HAL_GetTick                            0x08001a88   Section        0  stm32f4xx_hal.o(i.HAL_GetTick)
    i.HAL_IncTick                            0x08001a94   Section        0  stm32f4xx_hal.o(i.HAL_IncTick)
    i.HAL_Init                               0x08001aa4   Section        0  stm32f4xx_hal.o(i.HAL_Init)
    i.HAL_InitTick                           0x08001ad8   Section        0  stm32f4xx_hal.o(i.HAL_InitTick)
    i.HAL_MspInit                            0x08001b18   Section        0  stm32f4xx_hal_msp.o(i.HAL_MspInit)
    i.HAL_NVIC_EnableIRQ                     0x08001b48   Section        0  stm32f4xx_hal_cortex.o(i.HAL_NVIC_EnableIRQ)
    i.HAL_NVIC_SetPriority                   0x08001b64   Section        0  stm32f4xx_hal_cortex.o(i.HAL_NVIC_SetPriority)
    i.HAL_NVIC_SetPriorityGrouping           0x08001ba4   Section        0  stm32f4xx_hal_cortex.o(i.HAL_NVIC_SetPriorityGrouping)
    i.HAL_RCC_ClockConfig                    0x08001bc8   Section        0  stm32f4xx_hal_rcc.o(i.HAL_RCC_ClockConfig)
    i.HAL_RCC_GetPCLK1Freq                   0x08001cfc   Section        0  stm32f4xx_hal_rcc.o(i.HAL_RCC_GetPCLK1Freq)
    i.HAL_RCC_GetPCLK2Freq                   0x08001d1c   Section        0  stm32f4xx_hal_rcc.o(i.HAL_RCC_GetPCLK2Freq)
    i.HAL_RCC_GetSysClockFreq                0x08001d3c   Section        0  stm32f4xx_hal_rcc.o(i.HAL_RCC_GetSysClockFreq)
    i.HAL_RCC_OscConfig                      0x08001da0   Section        0  stm32f4xx_hal_rcc.o(i.HAL_RCC_OscConfig)
    i.HAL_SYSTICK_Config                     0x0800210c   Section        0  stm32f4xx_hal_cortex.o(i.HAL_SYSTICK_Config)
    i.HAL_TIMEx_BreakCallback                0x08002134   Section        0  stm32f4xx_hal_tim_ex.o(i.HAL_TIMEx_BreakCallback)
    i.HAL_TIMEx_CommutCallback               0x08002136   Section        0  stm32f4xx_hal_tim_ex.o(i.HAL_TIMEx_CommutCallback)
    i.HAL_TIMEx_ConfigBreakDeadTime          0x08002138   Section        0  stm32f4xx_hal_tim_ex.o(i.HAL_TIMEx_ConfigBreakDeadTime)
    i.HAL_TIMEx_MasterConfigSynchronization  0x0800218c   Section        0  stm32f4xx_hal_tim_ex.o(i.HAL_TIMEx_MasterConfigSynchronization)
    i.HAL_TIM_Base_Init                      0x0800221c   Section        0  stm32f4xx_hal_tim.o(i.HAL_TIM_Base_Init)
    i.HAL_TIM_Base_MspInit                   0x08002278   Section        0  tim.o(i.HAL_TIM_Base_MspInit)
    i.HAL_TIM_Base_Start_IT                  0x08002304   Section        0  stm32f4xx_hal_tim.o(i.HAL_TIM_Base_Start_IT)
    i.HAL_TIM_Base_Stop_IT                   0x08002384   Section        0  stm32f4xx_hal_tim.o(i.HAL_TIM_Base_Stop_IT)
    i.HAL_TIM_ConfigClockSource              0x080023b4   Section        0  stm32f4xx_hal_tim.o(i.HAL_TIM_ConfigClockSource)
    i.HAL_TIM_IC_CaptureCallback             0x08002490   Section        0  stm32f4xx_hal_tim.o(i.HAL_TIM_IC_CaptureCallback)
    i.HAL_TIM_IRQHandler                     0x08002492   Section        0  stm32f4xx_hal_tim.o(i.HAL_TIM_IRQHandler)
    i.HAL_TIM_MspPostInit                    0x080025c4   Section        0  tim.o(i.HAL_TIM_MspPostInit)
    i.HAL_TIM_OC_DelayElapsedCallback        0x0800264c   Section        0  stm32f4xx_hal_tim.o(i.HAL_TIM_OC_DelayElapsedCallback)
    i.HAL_TIM_PWM_ConfigChannel              0x0800264e   Section        0  stm32f4xx_hal_tim.o(i.HAL_TIM_PWM_ConfigChannel)
    i.HAL_TIM_PWM_Init                       0x0800271a   Section        0  stm32f4xx_hal_tim.o(i.HAL_TIM_PWM_Init)
    i.HAL_TIM_PWM_MspInit                    0x08002774   Section        0  stm32f4xx_hal_tim.o(i.HAL_TIM_PWM_MspInit)
    i.HAL_TIM_PWM_PulseFinishedCallback      0x08002776   Section        0  stm32f4xx_hal_tim.o(i.HAL_TIM_PWM_PulseFinishedCallback)
    i.HAL_TIM_PWM_Start                      0x08002778   Section        0  stm32f4xx_hal_tim.o(i.HAL_TIM_PWM_Start)
    i.HAL_TIM_PeriodElapsedCallback          0x08002840   Section        0  main.o(i.HAL_TIM_PeriodElapsedCallback)
    i.HAL_TIM_TriggerCallback                0x08002900   Section        0  stm32f4xx_hal_tim.o(i.HAL_TIM_TriggerCallback)
    i.HAL_UARTEx_ReceiveToIdle_DMA           0x08002902   Section        0  stm32f4xx_hal_uart.o(i.HAL_UARTEx_ReceiveToIdle_DMA)
    i.HAL_UARTEx_RxEventCallback             0x08002950   Section        0  main.o(i.HAL_UARTEx_RxEventCallback)
    i.HAL_UART_ErrorCallback                 0x08002a30   Section        0  stm32f4xx_hal_uart.o(i.HAL_UART_ErrorCallback)
    i.HAL_UART_IRQHandler                    0x08002a34   Section        0  stm32f4xx_hal_uart.o(i.HAL_UART_IRQHandler)
    i.HAL_UART_Init                          0x08002ca4   Section        0  stm32f4xx_hal_uart.o(i.HAL_UART_Init)
    i.HAL_UART_MspInit                       0x08002d08   Section        0  usart.o(i.HAL_UART_MspInit)
    i.HAL_UART_Receive_IT                    0x080030dc   Section        0  stm32f4xx_hal_uart.o(i.HAL_UART_Receive_IT)
    i.HAL_UART_RxCpltCallback                0x080030f8   Section        0  main.o(i.HAL_UART_RxCpltCallback)
    i.HAL_UART_RxHalfCpltCallback            0x08003264   Section        0  stm32f4xx_hal_uart.o(i.HAL_UART_RxHalfCpltCallback)
    i.HAL_UART_Transmit                      0x08003266   Section        0  stm32f4xx_hal_uart.o(i.HAL_UART_Transmit)
    i.HAL_UART_TxCpltCallback                0x08003306   Section        0  stm32f4xx_hal_uart.o(i.HAL_UART_TxCpltCallback)
    i.HardFault_Handler                      0x08003308   Section        0  stm32f4xx_it.o(i.HardFault_Handler)
    i.Left                                   0x0800330c   Section        0  emm_v5.o(i.Left)
    i.MX_DMA_Init                            0x08003404   Section        0  dma.o(i.MX_DMA_Init)
    i.MX_GPIO_Init                           0x080034b0   Section        0  gpio.o(i.MX_GPIO_Init)
    i.MX_TIM1_Init                           0x08003598   Section        0  tim.o(i.MX_TIM1_Init)
    i.MX_TIM3_Init                           0x08003694   Section        0  tim.o(i.MX_TIM3_Init)
    i.MX_TIM4_Init                           0x080036fc   Section        0  tim.o(i.MX_TIM4_Init)
    i.MX_TIM8_Init                           0x08003764   Section        0  tim.o(i.MX_TIM8_Init)
    i.MX_UART4_Init                          0x0800382c   Section        0  usart.o(i.MX_UART4_Init)
    i.MX_USART1_UART_Init                    0x08003864   Section        0  usart.o(i.MX_USART1_UART_Init)
    i.MX_USART2_UART_Init                    0x0800389c   Section        0  usart.o(i.MX_USART2_UART_Init)
    i.MX_USART3_UART_Init                    0x080038d4   Section        0  usart.o(i.MX_USART3_UART_Init)
    i.MX_USART6_UART_Init                    0x0800390c   Section        0  usart.o(i.MX_USART6_UART_Init)
    i.MemManage_Handler                      0x08003944   Section        0  stm32f4xx_it.o(i.MemManage_Handler)
    i.NMI_Handler                            0x08003946   Section        0  stm32f4xx_it.o(i.NMI_Handler)
    i.OLED_Clear                             0x08003948   Section        0  oled.o(i.OLED_Clear)
    i.OLED_GPIO_Init                         0x08003970   Section        0  oled.o(i.OLED_GPIO_Init)
    i.OLED_I2C_SendByte                      0x08003996   Section        0  oled.o(i.OLED_I2C_SendByte)
    i.OLED_I2C_Start                         0x080039d0   Section        0  oled.o(i.OLED_I2C_Start)
    i.OLED_I2C_Stop                          0x080039ee   Section        0  oled.o(i.OLED_I2C_Stop)
    i.OLED_Init                              0x08003a06   Section        0  oled.o(i.OLED_Init)
    i.OLED_SetCursor                         0x08003aa2   Section        0  oled.o(i.OLED_SetCursor)
    i.OLED_Update                            0x08003ac4   Section        0  oled.o(i.OLED_Update)
    i.OLED_W_SCL                             0x08003aec   Section        0  oled.o(i.OLED_W_SCL)
    i.OLED_W_SDA                             0x08003b08   Section        0  oled.o(i.OLED_W_SDA)
    i.OLED_WriteCommand                      0x08003b24   Section        0  oled.o(i.OLED_WriteCommand)
    i.OLED_WriteData                         0x08003b46   Section        0  oled.o(i.OLED_WriteData)
    i.PendSV_Handler                         0x08003b76   Section        0  stm32f4xx_it.o(i.PendSV_Handler)
    i.Right                                  0x08003b78   Section        0  emm_v5.o(i.Right)
    i.SVC_Handler                            0x08003c6c   Section        0  stm32f4xx_it.o(i.SVC_Handler)
    i.Set_Speed                              0x08003c70   Section        0  main.o(i.Set_Speed)
    i.Stop                                   0x08003cdc   Section        0  main.o(i.Stop)
    i.Stop1                                  0x08003d6c   Section        0  main.o(i.Stop1)
    i.SysTick_Delay_Us                       0x08003df8   Section        0  delay_us.o(i.SysTick_Delay_Us)
    i.SysTick_Handler                        0x08003e40   Section        0  stm32f4xx_it.o(i.SysTick_Handler)
    i.SystemClock_Config                     0x08003e44   Section        0  main.o(i.SystemClock_Config)
    i.SystemInit                             0x08003ed8   Section        0  system_stm32f4xx.o(i.SystemInit)
    i.TBQD                                   0x08003ee8   Section        0  main.o(i.TBQD)
    i.TIM3_IRQHandler                        0x08003f04   Section        0  stm32f4xx_it.o(i.TIM3_IRQHandler)
    i.TIM_Base_SetConfig                     0x08003f10   Section        0  stm32f4xx_hal_tim.o(i.TIM_Base_SetConfig)
    i.TIM_CCxChannelCmd                      0x08003fe8   Section        0  stm32f4xx_hal_tim.o(i.TIM_CCxChannelCmd)
    i.TIM_ETR_SetConfig                      0x08004002   Section        0  stm32f4xx_hal_tim.o(i.TIM_ETR_SetConfig)
    i.TIM_ITRx_SetConfig                     0x08004016   Section        0  stm32f4xx_hal_tim.o(i.TIM_ITRx_SetConfig)
    TIM_ITRx_SetConfig                       0x08004017   Thumb Code    16  stm32f4xx_hal_tim.o(i.TIM_ITRx_SetConfig)
    i.TIM_OC1_SetConfig                      0x08004028   Section        0  stm32f4xx_hal_tim.o(i.TIM_OC1_SetConfig)
    TIM_OC1_SetConfig                        0x08004029   Thumb Code    88  stm32f4xx_hal_tim.o(i.TIM_OC1_SetConfig)
    i.TIM_OC2_SetConfig                      0x08004088   Section        0  stm32f4xx_hal_tim.o(i.TIM_OC2_SetConfig)
    i.TIM_OC3_SetConfig                      0x080040f4   Section        0  stm32f4xx_hal_tim.o(i.TIM_OC3_SetConfig)
    TIM_OC3_SetConfig                        0x080040f5   Thumb Code    96  stm32f4xx_hal_tim.o(i.TIM_OC3_SetConfig)
    i.TIM_OC4_SetConfig                      0x0800415c   Section        0  stm32f4xx_hal_tim.o(i.TIM_OC4_SetConfig)
    TIM_OC4_SetConfig                        0x0800415d   Thumb Code    70  stm32f4xx_hal_tim.o(i.TIM_OC4_SetConfig)
    i.TIM_TI1_ConfigInputStage               0x080041ac   Section        0  stm32f4xx_hal_tim.o(i.TIM_TI1_ConfigInputStage)
    TIM_TI1_ConfigInputStage                 0x080041ad   Thumb Code    34  stm32f4xx_hal_tim.o(i.TIM_TI1_ConfigInputStage)
    i.TIM_TI2_ConfigInputStage               0x080041ce   Section        0  stm32f4xx_hal_tim.o(i.TIM_TI2_ConfigInputStage)
    TIM_TI2_ConfigInputStage                 0x080041cf   Thumb Code    36  stm32f4xx_hal_tim.o(i.TIM_TI2_ConfigInputStage)
    i.UART4_IRQHandler                       0x080041f4   Section        0  stm32f4xx_it.o(i.UART4_IRQHandler)
    i.UART_DMAAbortOnError                   0x08004200   Section        0  stm32f4xx_hal_uart.o(i.UART_DMAAbortOnError)
    UART_DMAAbortOnError                     0x08004201   Thumb Code    16  stm32f4xx_hal_uart.o(i.UART_DMAAbortOnError)
    i.UART_DMAError                          0x08004210   Section        0  stm32f4xx_hal_uart.o(i.UART_DMAError)
    UART_DMAError                            0x08004211   Thumb Code    74  stm32f4xx_hal_uart.o(i.UART_DMAError)
    i.UART_DMAReceiveCplt                    0x0800425a   Section        0  stm32f4xx_hal_uart.o(i.UART_DMAReceiveCplt)
    UART_DMAReceiveCplt                      0x0800425b   Thumb Code   134  stm32f4xx_hal_uart.o(i.UART_DMAReceiveCplt)
    i.UART_DMARxHalfCplt                     0x080042e0   Section        0  stm32f4xx_hal_uart.o(i.UART_DMARxHalfCplt)
    UART_DMARxHalfCplt                       0x080042e1   Thumb Code    30  stm32f4xx_hal_uart.o(i.UART_DMARxHalfCplt)
    i.UART_EndRxTransfer                     0x080042fe   Section        0  stm32f4xx_hal_uart.o(i.UART_EndRxTransfer)
    UART_EndRxTransfer                       0x080042ff   Thumb Code    78  stm32f4xx_hal_uart.o(i.UART_EndRxTransfer)
    i.UART_EndTxTransfer                     0x0800434c   Section        0  stm32f4xx_hal_uart.o(i.UART_EndTxTransfer)
    UART_EndTxTransfer                       0x0800434d   Thumb Code    28  stm32f4xx_hal_uart.o(i.UART_EndTxTransfer)
    i.UART_Receive_IT                        0x08004368   Section        0  stm32f4xx_hal_uart.o(i.UART_Receive_IT)
    UART_Receive_IT                          0x08004369   Thumb Code   194  stm32f4xx_hal_uart.o(i.UART_Receive_IT)
    i.UART_SetConfig                         0x0800442c   Section        0  stm32f4xx_hal_uart.o(i.UART_SetConfig)
    UART_SetConfig                           0x0800442d   Thumb Code   258  stm32f4xx_hal_uart.o(i.UART_SetConfig)
    i.UART_Start_Receive_DMA                 0x08004538   Section        0  stm32f4xx_hal_uart.o(i.UART_Start_Receive_DMA)
    i.UART_Start_Receive_IT                  0x080045c8   Section        0  stm32f4xx_hal_uart.o(i.UART_Start_Receive_IT)
    i.UART_WaitOnFlagUntilTimeout            0x080045fe   Section        0  stm32f4xx_hal_uart.o(i.UART_WaitOnFlagUntilTimeout)
    UART_WaitOnFlagUntilTimeout              0x080045ff   Thumb Code   114  stm32f4xx_hal_uart.o(i.UART_WaitOnFlagUntilTimeout)
    i.USART1_IRQHandler                      0x08004670   Section        0  stm32f4xx_it.o(i.USART1_IRQHandler)
    i.USART2_IRQHandler                      0x0800467c   Section        0  stm32f4xx_it.o(i.USART2_IRQHandler)
    i.USART3_IRQHandler                      0x08004688   Section        0  stm32f4xx_it.o(i.USART3_IRQHandler)
    i.USART6_IRQHandler                      0x08004694   Section        0  stm32f4xx_it.o(i.USART6_IRQHandler)
    i.UsageFault_Handler                     0x080046a0   Section        0  stm32f4xx_it.o(i.UsageFault_Handler)
    i.ZDT_X42_V2_Read_Sys_Params             0x080046a2   Section        0  zdt_x42_v2.o(i.ZDT_X42_V2_Read_Sys_Params)
    i.ZDT_X42_V2_Traj_Position_Control       0x0800472c   Section        0  zdt_x42_v2.o(i.ZDT_X42_V2_Traj_Position_Control)
    i.__NVIC_SetPriority                     0x0800478c   Section        0  stm32f4xx_hal_cortex.o(i.__NVIC_SetPriority)
    __NVIC_SetPriority                       0x0800478d   Thumb Code    32  stm32f4xx_hal_cortex.o(i.__NVIC_SetPriority)
    i.__scatterload_copy                     0x080047ac   Section       14  handlers.o(i.__scatterload_copy)
    i.__scatterload_null                     0x080047ba   Section        2  handlers.o(i.__scatterload_null)
    i.__scatterload_zeroinit                 0x080047bc   Section       14  handlers.o(i.__scatterload_zeroinit)
    i._is_digit                              0x080047ca   Section        0  scanf_fp.o(i._is_digit)
    i.color                                  0x080047d8   Section        0  main.o(i.color)
    i.delay_ms                               0x080048a0   Section        0  delay.o(i.delay_ms)
    i.fang                                   0x080048e8   Section        0  jixiebi.o(i.fang)
    i.find_pan                               0x08004adc   Section        0  main.o(i.find_pan)
    i.find_x                                 0x08004b38   Section        0  main.o(i.find_x)
    i.find_y                                 0x08004bc8   Section        0  main.o(i.find_y)
    i.main                                   0x08004c5c   Section        0  main.o(i.main)
    i.servo_angle                            0x080055a4   Section        0  jixiebi.o(i.servo_angle)
    i.shengjiang                             0x080055c8   Section        0  jixiebi.o(i.shengjiang)
    i.shunxu                                 0x080055f4   Section        0  main.o(i.shunxu)
    i.tuopan_angle                           0x08005890   Section        0  jixiebi.o(i.tuopan_angle)
    i.usart_SendByte                         0x080058b8   Section        0  usart.o(i.usart_SendByte)
    i.usart_SendByte6                        0x080058d0   Section        0  usart.o(i.usart_SendByte6)
    i.usart_SendCmd                          0x080058e8   Section        0  usart.o(i.usart_SendCmd)
    i.usart_SendCmd6                         0x08005914   Section        0  usart.o(i.usart_SendCmd6)
    i.wait5                                  0x08005940   Section        0  step.o(i.wait5)
    i.wait6                                  0x08005980   Section        0  step.o(i.wait6)
    i.xingshi                                0x080059c0   Section        0  jixiebi.o(i.xingshi)
    i.xuanzhuan                              0x08007690   Section        0  jixiebi.o(i.xuanzhuan)
    i.zhua                                   0x080076bc   Section        0  jixiebi.o(i.zhua)
    i.zhua_pan                               0x080077d0   Section        0  jixiebi.o(i.zhua_pan)
    .constdata                               0x080078d0   Section        8  stm32f4xx_hal_dma.o(.constdata)
    flagBitshiftOffset                       0x080078d0   Data           8  stm32f4xx_hal_dma.o(.constdata)
    .constdata                               0x080078d8   Section       16  system_stm32f4xx.o(.constdata)
    .constdata                               0x080078e8   Section        8  system_stm32f4xx.o(.constdata)
    .constdata                               0x080078f0   Section       64  ctype_c.o(.constdata)
    .data                                    0x20000000   Section       72  main.o(.data)
    i                                        0x20000003   Data           1  main.o(.data)
    .data                                    0x20000048   Section       12  stm32f4xx_hal.o(.data)
    .data                                    0x20000054   Section        4  system_stm32f4xx.o(.data)
    .data                                    0x20000058   Section       72  emm_v5.o(.data)
    .data                                    0x200000a0   Section        4  jixiebi.o(.data)
    i                                        0x200000a0   Data           4  jixiebi.o(.data)
    .bss                                     0x200000a4   Section      764  main.o(.bss)
    .bss                                     0x200003a0   Section      288  tim.o(.bss)
    .bss                                     0x200004c0   Section     1128  usart.o(.bss)
    .bss                                     0x20000928   Section     1024  oled.o(.bss)
    STACK                                    0x20000d28   Section     1024  startup_stm32f407xx.o(STACK)

    Global Symbols

    Symbol Name                              Value     Ov Type        Size  Object(Section)

    BuildAttributes$$THM_ISAv4$E$P$D$K$B$S$7EM$VFPi3$EXTD16$VFPS$VFMA$PE$A:L22UL41UL21$X:L11$S22US41US21$IEEE1$IW$USESV6$~STKCKD$USESV7$~SHL$OTIME$ROPI$IEEEX$EBA8$MICROLIB$REQ8$PRES8$EABIv2 0x00000000   Number         0  anon$$obj.o ABSOLUTE
    __ARM_use_no_argv                        0x00000000   Number         0  main.o ABSOLUTE
    __arm_fini_                               - Undefined Weak Reference
    __cpp_initialize__aeabi_                  - Undefined Weak Reference
    __cxa_finalize                            - Undefined Weak Reference
    __decompress                              - Undefined Weak Reference
    _clock_init                               - Undefined Weak Reference
    _microlib_exit                            - Undefined Weak Reference
    _scanf_longlong                           - Undefined Weak Reference
    _scanf_string                             - Undefined Weak Reference
    __Vectors_Size                           0x00000188   Number         0  startup_stm32f407xx.o ABSOLUTE
    __Vectors                                0x08000000   Data           4  startup_stm32f407xx.o(RESET)
    __Vectors_End                            0x08000188   Data           0  startup_stm32f407xx.o(RESET)
    __main                                   0x08000189   Thumb Code     0  entry.o(.ARM.Collect$$$$00000000)
    _main_stk                                0x08000189   Thumb Code     0  entry2.o(.ARM.Collect$$$$00000001)
    _main_scatterload                        0x0800018d   Thumb Code     0  entry5.o(.ARM.Collect$$$$00000004)
    __main_after_scatterload                 0x08000191   Thumb Code     0  entry5.o(.ARM.Collect$$$$00000004)
    _main_clock                              0x08000191   Thumb Code     0  entry7b.o(.ARM.Collect$$$$00000008)
    _main_cpp_init                           0x08000191   Thumb Code     0  entry8b.o(.ARM.Collect$$$$0000000A)
    _main_init                               0x08000191   Thumb Code     0  entry9a.o(.ARM.Collect$$$$0000000B)
    __rt_lib_shutdown_fini                   0x08000199   Thumb Code     0  entry12b.o(.ARM.Collect$$$$0000000E)
    __rt_final_cpp                           0x0800019d   Thumb Code     0  entry10a.o(.ARM.Collect$$$$0000000F)
    __rt_final_exit                          0x0800019d   Thumb Code     0  entry11a.o(.ARM.Collect$$$$00000011)
    Reset_Handler                            0x080001a1   Thumb Code     8  startup_stm32f407xx.o(.text)
    ADC_IRQHandler                           0x080001bb   Thumb Code     0  startup_stm32f407xx.o(.text)
    CAN1_RX0_IRQHandler                      0x080001bb   Thumb Code     0  startup_stm32f407xx.o(.text)
    CAN1_RX1_IRQHandler                      0x080001bb   Thumb Code     0  startup_stm32f407xx.o(.text)
    CAN1_SCE_IRQHandler                      0x080001bb   Thumb Code     0  startup_stm32f407xx.o(.text)
    CAN1_TX_IRQHandler                       0x080001bb   Thumb Code     0  startup_stm32f407xx.o(.text)
    CAN2_RX0_IRQHandler                      0x080001bb   Thumb Code     0  startup_stm32f407xx.o(.text)
    CAN2_RX1_IRQHandler                      0x080001bb   Thumb Code     0  startup_stm32f407xx.o(.text)
    CAN2_SCE_IRQHandler                      0x080001bb   Thumb Code     0  startup_stm32f407xx.o(.text)
    CAN2_TX_IRQHandler                       0x080001bb   Thumb Code     0  startup_stm32f407xx.o(.text)
    DCMI_IRQHandler                          0x080001bb   Thumb Code     0  startup_stm32f407xx.o(.text)
    DMA1_Stream0_IRQHandler                  0x080001bb   Thumb Code     0  startup_stm32f407xx.o(.text)
    DMA1_Stream2_IRQHandler                  0x080001bb   Thumb Code     0  startup_stm32f407xx.o(.text)
    DMA1_Stream4_IRQHandler                  0x080001bb   Thumb Code     0  startup_stm32f407xx.o(.text)
    DMA1_Stream7_IRQHandler                  0x080001bb   Thumb Code     0  startup_stm32f407xx.o(.text)
    DMA2_Stream0_IRQHandler                  0x080001bb   Thumb Code     0  startup_stm32f407xx.o(.text)
    DMA2_Stream3_IRQHandler                  0x080001bb   Thumb Code     0  startup_stm32f407xx.o(.text)
    DMA2_Stream4_IRQHandler                  0x080001bb   Thumb Code     0  startup_stm32f407xx.o(.text)
    DMA2_Stream5_IRQHandler                  0x080001bb   Thumb Code     0  startup_stm32f407xx.o(.text)
    ETH_IRQHandler                           0x080001bb   Thumb Code     0  startup_stm32f407xx.o(.text)
    ETH_WKUP_IRQHandler                      0x080001bb   Thumb Code     0  startup_stm32f407xx.o(.text)
    EXTI15_10_IRQHandler                     0x080001bb   Thumb Code     0  startup_stm32f407xx.o(.text)
    EXTI1_IRQHandler                         0x080001bb   Thumb Code     0  startup_stm32f407xx.o(.text)
    EXTI2_IRQHandler                         0x080001bb   Thumb Code     0  startup_stm32f407xx.o(.text)
    EXTI3_IRQHandler                         0x080001bb   Thumb Code     0  startup_stm32f407xx.o(.text)
    EXTI4_IRQHandler                         0x080001bb   Thumb Code     0  startup_stm32f407xx.o(.text)
    EXTI9_5_IRQHandler                       0x080001bb   Thumb Code     0  startup_stm32f407xx.o(.text)
    FLASH_IRQHandler                         0x080001bb   Thumb Code     0  startup_stm32f407xx.o(.text)
    FMC_IRQHandler                           0x080001bb   Thumb Code     0  startup_stm32f407xx.o(.text)
    FPU_IRQHandler                           0x080001bb   Thumb Code     0  startup_stm32f407xx.o(.text)
    HASH_RNG_IRQHandler                      0x080001bb   Thumb Code     0  startup_stm32f407xx.o(.text)
    I2C1_ER_IRQHandler                       0x080001bb   Thumb Code     0  startup_stm32f407xx.o(.text)
    I2C1_EV_IRQHandler                       0x080001bb   Thumb Code     0  startup_stm32f407xx.o(.text)
    I2C2_ER_IRQHandler                       0x080001bb   Thumb Code     0  startup_stm32f407xx.o(.text)
    I2C2_EV_IRQHandler                       0x080001bb   Thumb Code     0  startup_stm32f407xx.o(.text)
    I2C3_ER_IRQHandler                       0x080001bb   Thumb Code     0  startup_stm32f407xx.o(.text)
    I2C3_EV_IRQHandler                       0x080001bb   Thumb Code     0  startup_stm32f407xx.o(.text)
    OTG_FS_IRQHandler                        0x080001bb   Thumb Code     0  startup_stm32f407xx.o(.text)
    OTG_FS_WKUP_IRQHandler                   0x080001bb   Thumb Code     0  startup_stm32f407xx.o(.text)
    OTG_HS_EP1_IN_IRQHandler                 0x080001bb   Thumb Code     0  startup_stm32f407xx.o(.text)
    OTG_HS_EP1_OUT_IRQHandler                0x080001bb   Thumb Code     0  startup_stm32f407xx.o(.text)
    OTG_HS_IRQHandler                        0x080001bb   Thumb Code     0  startup_stm32f407xx.o(.text)
    OTG_HS_WKUP_IRQHandler                   0x080001bb   Thumb Code     0  startup_stm32f407xx.o(.text)
    PVD_IRQHandler                           0x080001bb   Thumb Code     0  startup_stm32f407xx.o(.text)
    RCC_IRQHandler                           0x080001bb   Thumb Code     0  startup_stm32f407xx.o(.text)
    RTC_Alarm_IRQHandler                     0x080001bb   Thumb Code     0  startup_stm32f407xx.o(.text)
    RTC_WKUP_IRQHandler                      0x080001bb   Thumb Code     0  startup_stm32f407xx.o(.text)
    SDIO_IRQHandler                          0x080001bb   Thumb Code     0  startup_stm32f407xx.o(.text)
    SPI1_IRQHandler                          0x080001bb   Thumb Code     0  startup_stm32f407xx.o(.text)
    SPI2_IRQHandler                          0x080001bb   Thumb Code     0  startup_stm32f407xx.o(.text)
    SPI3_IRQHandler                          0x080001bb   Thumb Code     0  startup_stm32f407xx.o(.text)
    TAMP_STAMP_IRQHandler                    0x080001bb   Thumb Code     0  startup_stm32f407xx.o(.text)
    TIM1_BRK_TIM9_IRQHandler                 0x080001bb   Thumb Code     0  startup_stm32f407xx.o(.text)
    TIM1_CC_IRQHandler                       0x080001bb   Thumb Code     0  startup_stm32f407xx.o(.text)
    TIM1_TRG_COM_TIM11_IRQHandler            0x080001bb   Thumb Code     0  startup_stm32f407xx.o(.text)
    TIM1_UP_TIM10_IRQHandler                 0x080001bb   Thumb Code     0  startup_stm32f407xx.o(.text)
    TIM2_IRQHandler                          0x080001bb   Thumb Code     0  startup_stm32f407xx.o(.text)
    TIM4_IRQHandler                          0x080001bb   Thumb Code     0  startup_stm32f407xx.o(.text)
    TIM5_IRQHandler                          0x080001bb   Thumb Code     0  startup_stm32f407xx.o(.text)
    TIM6_DAC_IRQHandler                      0x080001bb   Thumb Code     0  startup_stm32f407xx.o(.text)
    TIM7_IRQHandler                          0x080001bb   Thumb Code     0  startup_stm32f407xx.o(.text)
    TIM8_BRK_TIM12_IRQHandler                0x080001bb   Thumb Code     0  startup_stm32f407xx.o(.text)
    TIM8_CC_IRQHandler                       0x080001bb   Thumb Code     0  startup_stm32f407xx.o(.text)
    TIM8_TRG_COM_TIM14_IRQHandler            0x080001bb   Thumb Code     0  startup_stm32f407xx.o(.text)
    TIM8_UP_TIM13_IRQHandler                 0x080001bb   Thumb Code     0  startup_stm32f407xx.o(.text)
    UART5_IRQHandler                         0x080001bb   Thumb Code     0  startup_stm32f407xx.o(.text)
    WWDG_IRQHandler                          0x080001bb   Thumb Code     0  startup_stm32f407xx.o(.text)
    __aeabi_uldivmod                         0x080001c5   Thumb Code    98  uldiv.o(.text)
    __aeabi_memcpy                           0x08000227   Thumb Code    36  memcpya.o(.text)
    __aeabi_memcpy4                          0x08000227   Thumb Code     0  memcpya.o(.text)
    __aeabi_memcpy8                          0x08000227   Thumb Code     0  memcpya.o(.text)
    __aeabi_memset                           0x0800024b   Thumb Code    14  memseta.o(.text)
    __aeabi_memset4                          0x0800024b   Thumb Code     0  memseta.o(.text)
    __aeabi_memset8                          0x0800024b   Thumb Code     0  memseta.o(.text)
    __aeabi_memclr                           0x08000259   Thumb Code     4  memseta.o(.text)
    __aeabi_memclr4                          0x08000259   Thumb Code     0  memseta.o(.text)
    __aeabi_memclr8                          0x08000259   Thumb Code     0  memseta.o(.text)
    _memset$wrapper                          0x0800025d   Thumb Code    18  memseta.o(.text)
    __0sscanf                                0x08000271   Thumb Code    48  __0sscanf.o(.text)
    _scanf_int                               0x080002a9   Thumb Code   332  _scanf_int.o(.text)
    _scanf_real                              0x0800051d   Thumb Code     0  scanf_fp.o(.text)
    _scanf_really_real                       0x0800051d   Thumb Code   556  scanf_fp.o(.text)
    __aeabi_dadd                             0x08000755   Thumb Code   322  dadd.o(.text)
    __aeabi_dsub                             0x08000897   Thumb Code     6  dadd.o(.text)
    __aeabi_drsub                            0x0800089d   Thumb Code     6  dadd.o(.text)
    __aeabi_dmul                             0x080008a3   Thumb Code   228  dmul.o(.text)
    __aeabi_ddiv                             0x08000987   Thumb Code   222  ddiv.o(.text)
    __aeabi_i2d                              0x08000a65   Thumb Code    34  dflti.o(.text)
    __aeabi_d2iz                             0x08000a87   Thumb Code    62  dfixi.o(.text)
    __aeabi_f2d                              0x08000ac5   Thumb Code    38  f2d.o(.text)
    __aeabi_cdcmpeq                          0x08000aed   Thumb Code     0  cdcmple.o(.text)
    __aeabi_cdcmple                          0x08000aed   Thumb Code    48  cdcmple.o(.text)
    __aeabi_cdrcmple                         0x08000b1d   Thumb Code    48  cdrcmple.o(.text)
    __aeabi_d2f                              0x08000b4d   Thumb Code    56  d2f.o(.text)
    __aeabi_llsl                             0x08000b85   Thumb Code    30  llshl.o(.text)
    _ll_shift_l                              0x08000b85   Thumb Code     0  llshl.o(.text)
    __aeabi_llsr                             0x08000ba3   Thumb Code    32  llushr.o(.text)
    _ll_ushift_r                             0x08000ba3   Thumb Code     0  llushr.o(.text)
    __aeabi_lasr                             0x08000bc3   Thumb Code    36  llsshr.o(.text)
    _ll_sshift_r                             0x08000bc3   Thumb Code     0  llsshr.o(.text)
    _chval                                   0x08000be7   Thumb Code    28  _chval.o(.text)
    __vfscanf_char                           0x08000c11   Thumb Code    20  scanf_char.o(.text)
    _sgetc                                   0x08000c2d   Thumb Code    30  _sgetc.o(.text)
    _sbackspace                              0x08000c4b   Thumb Code    34  _sgetc.o(.text)
    __I$use$fp                               0x08000c6d   Thumb Code     0  iusefp.o(.text)
    _float_round                             0x08000c6d   Thumb Code    18  fepilogue.o(.text)
    _float_epilogue                          0x08000c7f   Thumb Code    92  fepilogue.o(.text)
    _double_round                            0x08000cdb   Thumb Code    30  depilogue.o(.text)
    _double_epilogue                         0x08000cf9   Thumb Code   156  depilogue.o(.text)
    __aeabi_ul2d                             0x08000d95   Thumb Code    24  dfltul.o(.text)
    __scatterload                            0x08000dad   Thumb Code    28  init.o(.text)
    __scatterload_rt2                        0x08000dad   Thumb Code     0  init.o(.text)
    isspace                                  0x08000dd1   Thumb Code    10  isspace_c.o(.text)
    __vfscanf                                0x08000ddd   Thumb Code   810  _scanf.o(.text)
    __ctype_lookup                           0x0800110d   Thumb Code    34  ctype_c.o(.text)
    BusFault_Handler                         0x08001135   Thumb Code     2  stm32f4xx_it.o(i.BusFault_Handler)
    DMA1_Stream1_IRQHandler                  0x08001139   Thumb Code     6  stm32f4xx_it.o(i.DMA1_Stream1_IRQHandler)
    DMA1_Stream3_IRQHandler                  0x08001145   Thumb Code     6  stm32f4xx_it.o(i.DMA1_Stream3_IRQHandler)
    DMA1_Stream5_IRQHandler                  0x08001151   Thumb Code     6  stm32f4xx_it.o(i.DMA1_Stream5_IRQHandler)
    DMA1_Stream6_IRQHandler                  0x0800115d   Thumb Code     6  stm32f4xx_it.o(i.DMA1_Stream6_IRQHandler)
    DMA2_Stream1_IRQHandler                  0x08001169   Thumb Code     6  stm32f4xx_it.o(i.DMA2_Stream1_IRQHandler)
    DMA2_Stream2_IRQHandler                  0x08001175   Thumb Code     6  stm32f4xx_it.o(i.DMA2_Stream2_IRQHandler)
    DMA2_Stream6_IRQHandler                  0x08001181   Thumb Code     6  stm32f4xx_it.o(i.DMA2_Stream6_IRQHandler)
    DMA2_Stream7_IRQHandler                  0x0800118d   Thumb Code     6  stm32f4xx_it.o(i.DMA2_Stream7_IRQHandler)
    DebugMon_Handler                         0x0800123d   Thumb Code     2  stm32f4xx_it.o(i.DebugMon_Handler)
    EXTI0_IRQHandler                         0x0800123f   Thumb Code     6  stm32f4xx_it.o(i.EXTI0_IRQHandler)
    Emm_V5_Pos_Control                       0x08001245   Thumb Code    96  emm_v5.o(i.Emm_V5_Pos_Control)
    Emm_V5_Read_Sys_Params                   0x080012a5   Thumb Code   138  emm_v5.o(i.Emm_V5_Read_Sys_Params)
    Emm_V5_Synchronous_motion                0x0800132f   Thumb Code    44  emm_v5.o(i.Emm_V5_Synchronous_motion)
    Emm_V5_Vel_Control                       0x0800135b   Thumb Code    62  emm_v5.o(i.Emm_V5_Vel_Control)
    Error_Handler                            0x08001399   Thumb Code     4  main.o(i.Error_Handler)
    Go                                       0x0800139d   Thumb Code   274  main.o(i.Go)
    HAL_DMA_Abort                            0x080014b9   Thumb Code   146  stm32f4xx_hal_dma.o(i.HAL_DMA_Abort)
    HAL_DMA_Abort_IT                         0x0800154b   Thumb Code    36  stm32f4xx_hal_dma.o(i.HAL_DMA_Abort_IT)
    HAL_DMA_IRQHandler                       0x08001571   Thumb Code   412  stm32f4xx_hal_dma.o(i.HAL_DMA_IRQHandler)
    HAL_DMA_Init                             0x08001711   Thumb Code   206  stm32f4xx_hal_dma.o(i.HAL_DMA_Init)
    HAL_DMA_Start_IT                         0x080017e5   Thumb Code   110  stm32f4xx_hal_dma.o(i.HAL_DMA_Start_IT)
    HAL_GPIO_EXTI_Callback                   0x08001855   Thumb Code    24  main.o(i.HAL_GPIO_EXTI_Callback)
    HAL_GPIO_EXTI_IRQHandler                 0x08001875   Thumb Code    18  stm32f4xx_hal_gpio.o(i.HAL_GPIO_EXTI_IRQHandler)
    HAL_GPIO_Init                            0x0800188d   Thumb Code   450  stm32f4xx_hal_gpio.o(i.HAL_GPIO_Init)
    HAL_GPIO_WritePin                        0x08001a7d   Thumb Code    10  stm32f4xx_hal_gpio.o(i.HAL_GPIO_WritePin)
    HAL_GetTick                              0x08001a89   Thumb Code     6  stm32f4xx_hal.o(i.HAL_GetTick)
    HAL_IncTick                              0x08001a95   Thumb Code    12  stm32f4xx_hal.o(i.HAL_IncTick)
    HAL_Init                                 0x08001aa5   Thumb Code    48  stm32f4xx_hal.o(i.HAL_Init)
    HAL_InitTick                             0x08001ad9   Thumb Code    54  stm32f4xx_hal.o(i.HAL_InitTick)
    HAL_MspInit                              0x08001b19   Thumb Code    42  stm32f4xx_hal_msp.o(i.HAL_MspInit)
    HAL_NVIC_EnableIRQ                       0x08001b49   Thumb Code    26  stm32f4xx_hal_cortex.o(i.HAL_NVIC_EnableIRQ)
    HAL_NVIC_SetPriority                     0x08001b65   Thumb Code    60  stm32f4xx_hal_cortex.o(i.HAL_NVIC_SetPriority)
    HAL_NVIC_SetPriorityGrouping             0x08001ba5   Thumb Code    26  stm32f4xx_hal_cortex.o(i.HAL_NVIC_SetPriorityGrouping)
    HAL_RCC_ClockConfig                      0x08001bc9   Thumb Code   288  stm32f4xx_hal_rcc.o(i.HAL_RCC_ClockConfig)
    HAL_RCC_GetPCLK1Freq                     0x08001cfd   Thumb Code    20  stm32f4xx_hal_rcc.o(i.HAL_RCC_GetPCLK1Freq)
    HAL_RCC_GetPCLK2Freq                     0x08001d1d   Thumb Code    20  stm32f4xx_hal_rcc.o(i.HAL_RCC_GetPCLK2Freq)
    HAL_RCC_GetSysClockFreq                  0x08001d3d   Thumb Code    88  stm32f4xx_hal_rcc.o(i.HAL_RCC_GetSysClockFreq)
    HAL_RCC_OscConfig                        0x08001da1   Thumb Code   856  stm32f4xx_hal_rcc.o(i.HAL_RCC_OscConfig)
    HAL_SYSTICK_Config                       0x0800210d   Thumb Code    40  stm32f4xx_hal_cortex.o(i.HAL_SYSTICK_Config)
    HAL_TIMEx_BreakCallback                  0x08002135   Thumb Code     2  stm32f4xx_hal_tim_ex.o(i.HAL_TIMEx_BreakCallback)
    HAL_TIMEx_CommutCallback                 0x08002137   Thumb Code     2  stm32f4xx_hal_tim_ex.o(i.HAL_TIMEx_CommutCallback)
    HAL_TIMEx_ConfigBreakDeadTime            0x08002139   Thumb Code    84  stm32f4xx_hal_tim_ex.o(i.HAL_TIMEx_ConfigBreakDeadTime)
    HAL_TIMEx_MasterConfigSynchronization    0x0800218d   Thumb Code   116  stm32f4xx_hal_tim_ex.o(i.HAL_TIMEx_MasterConfigSynchronization)
    HAL_TIM_Base_Init                        0x0800221d   Thumb Code    90  stm32f4xx_hal_tim.o(i.HAL_TIM_Base_Init)
    HAL_TIM_Base_MspInit                     0x08002279   Thumb Code   120  tim.o(i.HAL_TIM_Base_MspInit)
    HAL_TIM_Base_Start_IT                    0x08002305   Thumb Code   100  stm32f4xx_hal_tim.o(i.HAL_TIM_Base_Start_IT)
    HAL_TIM_Base_Stop_IT                     0x08002385   Thumb Code    48  stm32f4xx_hal_tim.o(i.HAL_TIM_Base_Stop_IT)
    HAL_TIM_ConfigClockSource                0x080023b5   Thumb Code   220  stm32f4xx_hal_tim.o(i.HAL_TIM_ConfigClockSource)
    HAL_TIM_IC_CaptureCallback               0x08002491   Thumb Code     2  stm32f4xx_hal_tim.o(i.HAL_TIM_IC_CaptureCallback)
    HAL_TIM_IRQHandler                       0x08002493   Thumb Code   304  stm32f4xx_hal_tim.o(i.HAL_TIM_IRQHandler)
    HAL_TIM_MspPostInit                      0x080025c5   Thumb Code   114  tim.o(i.HAL_TIM_MspPostInit)
    HAL_TIM_OC_DelayElapsedCallback          0x0800264d   Thumb Code     2  stm32f4xx_hal_tim.o(i.HAL_TIM_OC_DelayElapsedCallback)
    HAL_TIM_PWM_ConfigChannel                0x0800264f   Thumb Code   204  stm32f4xx_hal_tim.o(i.HAL_TIM_PWM_ConfigChannel)
    HAL_TIM_PWM_Init                         0x0800271b   Thumb Code    90  stm32f4xx_hal_tim.o(i.HAL_TIM_PWM_Init)
    HAL_TIM_PWM_MspInit                      0x08002775   Thumb Code     2  stm32f4xx_hal_tim.o(i.HAL_TIM_PWM_MspInit)
    HAL_TIM_PWM_PulseFinishedCallback        0x08002777   Thumb Code     2  stm32f4xx_hal_tim.o(i.HAL_TIM_PWM_PulseFinishedCallback)
    HAL_TIM_PWM_Start                        0x08002779   Thumb Code   172  stm32f4xx_hal_tim.o(i.HAL_TIM_PWM_Start)
    HAL_TIM_PeriodElapsedCallback            0x08002841   Thumb Code   160  main.o(i.HAL_TIM_PeriodElapsedCallback)
    HAL_TIM_TriggerCallback                  0x08002901   Thumb Code     2  stm32f4xx_hal_tim.o(i.HAL_TIM_TriggerCallback)
    HAL_UARTEx_ReceiveToIdle_DMA             0x08002903   Thumb Code    78  stm32f4xx_hal_uart.o(i.HAL_UARTEx_ReceiveToIdle_DMA)
    HAL_UARTEx_RxEventCallback               0x08002951   Thumb Code   162  main.o(i.HAL_UARTEx_RxEventCallback)
    HAL_UART_ErrorCallback                   0x08002a31   Thumb Code     2  stm32f4xx_hal_uart.o(i.HAL_UART_ErrorCallback)
    HAL_UART_IRQHandler                      0x08002a35   Thumb Code   618  stm32f4xx_hal_uart.o(i.HAL_UART_IRQHandler)
    HAL_UART_Init                            0x08002ca5   Thumb Code   100  stm32f4xx_hal_uart.o(i.HAL_UART_Init)
    HAL_UART_MspInit                         0x08002d09   Thumb Code   924  usart.o(i.HAL_UART_MspInit)
    HAL_UART_Receive_IT                      0x080030dd   Thumb Code    28  stm32f4xx_hal_uart.o(i.HAL_UART_Receive_IT)
    HAL_UART_RxCpltCallback                  0x080030f9   Thumb Code   302  main.o(i.HAL_UART_RxCpltCallback)
    HAL_UART_RxHalfCpltCallback              0x08003265   Thumb Code     2  stm32f4xx_hal_uart.o(i.HAL_UART_RxHalfCpltCallback)
    HAL_UART_Transmit                        0x08003267   Thumb Code   160  stm32f4xx_hal_uart.o(i.HAL_UART_Transmit)
    HAL_UART_TxCpltCallback                  0x08003307   Thumb Code     2  stm32f4xx_hal_uart.o(i.HAL_UART_TxCpltCallback)
    HardFault_Handler                        0x08003309   Thumb Code     2  stm32f4xx_it.o(i.HardFault_Handler)
    Left                                     0x0800330d   Thumb Code   228  emm_v5.o(i.Left)
    MX_DMA_Init                              0x08003405   Thumb Code   168  dma.o(i.MX_DMA_Init)
    MX_GPIO_Init                             0x080034b1   Thumb Code   218  gpio.o(i.MX_GPIO_Init)
    MX_TIM1_Init                             0x08003599   Thumb Code   242  tim.o(i.MX_TIM1_Init)
    MX_TIM3_Init                             0x08003695   Thumb Code    96  tim.o(i.MX_TIM3_Init)
    MX_TIM4_Init                             0x080036fd   Thumb Code    96  tim.o(i.MX_TIM4_Init)
    MX_TIM8_Init                             0x08003765   Thumb Code   192  tim.o(i.MX_TIM8_Init)
    MX_UART4_Init                            0x0800382d   Thumb Code    48  usart.o(i.MX_UART4_Init)
    MX_USART1_UART_Init                      0x08003865   Thumb Code    48  usart.o(i.MX_USART1_UART_Init)
    MX_USART2_UART_Init                      0x0800389d   Thumb Code    48  usart.o(i.MX_USART2_UART_Init)
    MX_USART3_UART_Init                      0x080038d5   Thumb Code    48  usart.o(i.MX_USART3_UART_Init)
    MX_USART6_UART_Init                      0x0800390d   Thumb Code    48  usart.o(i.MX_USART6_UART_Init)
    MemManage_Handler                        0x08003945   Thumb Code     2  stm32f4xx_it.o(i.MemManage_Handler)
    NMI_Handler                              0x08003947   Thumb Code     2  stm32f4xx_it.o(i.NMI_Handler)
    OLED_Clear                               0x08003949   Thumb Code    34  oled.o(i.OLED_Clear)
    OLED_GPIO_Init                           0x08003971   Thumb Code    38  oled.o(i.OLED_GPIO_Init)
    OLED_I2C_SendByte                        0x08003997   Thumb Code    58  oled.o(i.OLED_I2C_SendByte)
    OLED_I2C_Start                           0x080039d1   Thumb Code    30  oled.o(i.OLED_I2C_Start)
    OLED_I2C_Stop                            0x080039ef   Thumb Code    24  oled.o(i.OLED_I2C_Stop)
    OLED_Init                                0x08003a07   Thumb Code   156  oled.o(i.OLED_Init)
    OLED_SetCursor                           0x08003aa3   Thumb Code    34  oled.o(i.OLED_SetCursor)
    OLED_Update                              0x08003ac5   Thumb Code    34  oled.o(i.OLED_Update)
    OLED_W_SCL                               0x08003aed   Thumb Code    22  oled.o(i.OLED_W_SCL)
    OLED_W_SDA                               0x08003b09   Thumb Code    24  oled.o(i.OLED_W_SDA)
    OLED_WriteCommand                        0x08003b25   Thumb Code    34  oled.o(i.OLED_WriteCommand)
    OLED_WriteData                           0x08003b47   Thumb Code    48  oled.o(i.OLED_WriteData)
    PendSV_Handler                           0x08003b77   Thumb Code     2  stm32f4xx_it.o(i.PendSV_Handler)
    Right                                    0x08003b79   Thumb Code   224  emm_v5.o(i.Right)
    SVC_Handler                              0x08003c6d   Thumb Code     2  stm32f4xx_it.o(i.SVC_Handler)
    Set_Speed                                0x08003c71   Thumb Code   102  main.o(i.Set_Speed)
    Stop                                     0x08003cdd   Thumb Code   136  main.o(i.Stop)
    Stop1                                    0x08003d6d   Thumb Code   130  main.o(i.Stop1)
    SysTick_Delay_Us                         0x08003df9   Thumb Code    66  delay_us.o(i.SysTick_Delay_Us)
    SysTick_Handler                          0x08003e41   Thumb Code     4  stm32f4xx_it.o(i.SysTick_Handler)
    SystemClock_Config                       0x08003e45   Thumb Code   140  main.o(i.SystemClock_Config)
    SystemInit                               0x08003ed9   Thumb Code    12  system_stm32f4xx.o(i.SystemInit)
    TBQD                                     0x08003ee9   Thumb Code    22  main.o(i.TBQD)
    TIM3_IRQHandler                          0x08003f05   Thumb Code     6  stm32f4xx_it.o(i.TIM3_IRQHandler)
    TIM_Base_SetConfig                       0x08003f11   Thumb Code   170  stm32f4xx_hal_tim.o(i.TIM_Base_SetConfig)
    TIM_CCxChannelCmd                        0x08003fe9   Thumb Code    26  stm32f4xx_hal_tim.o(i.TIM_CCxChannelCmd)
    TIM_ETR_SetConfig                        0x08004003   Thumb Code    20  stm32f4xx_hal_tim.o(i.TIM_ETR_SetConfig)
    TIM_OC2_SetConfig                        0x08004089   Thumb Code    98  stm32f4xx_hal_tim.o(i.TIM_OC2_SetConfig)
    UART4_IRQHandler                         0x080041f5   Thumb Code     6  stm32f4xx_it.o(i.UART4_IRQHandler)
    UART_Start_Receive_DMA                   0x08004539   Thumb Code   130  stm32f4xx_hal_uart.o(i.UART_Start_Receive_DMA)
    UART_Start_Receive_IT                    0x080045c9   Thumb Code    54  stm32f4xx_hal_uart.o(i.UART_Start_Receive_IT)
    USART1_IRQHandler                        0x08004671   Thumb Code     6  stm32f4xx_it.o(i.USART1_IRQHandler)
    USART2_IRQHandler                        0x0800467d   Thumb Code     6  stm32f4xx_it.o(i.USART2_IRQHandler)
    USART3_IRQHandler                        0x08004689   Thumb Code     6  stm32f4xx_it.o(i.USART3_IRQHandler)
    USART6_IRQHandler                        0x08004695   Thumb Code     6  stm32f4xx_it.o(i.USART6_IRQHandler)
    UsageFault_Handler                       0x080046a1   Thumb Code     2  stm32f4xx_it.o(i.UsageFault_Handler)
    ZDT_X42_V2_Read_Sys_Params               0x080046a3   Thumb Code   138  zdt_x42_v2.o(i.ZDT_X42_V2_Read_Sys_Params)
    ZDT_X42_V2_Traj_Position_Control         0x0800472d   Thumb Code    96  zdt_x42_v2.o(i.ZDT_X42_V2_Traj_Position_Control)
    __scatterload_copy                       0x080047ad   Thumb Code    14  handlers.o(i.__scatterload_copy)
    __scatterload_null                       0x080047bb   Thumb Code     2  handlers.o(i.__scatterload_null)
    __scatterload_zeroinit                   0x080047bd   Thumb Code    14  handlers.o(i.__scatterload_zeroinit)
    _is_digit                                0x080047cb   Thumb Code    14  scanf_fp.o(i._is_digit)
    color                                    0x080047d9   Thumb Code   184  main.o(i.color)
    delay_ms                                 0x080048a1   Thumb Code    68  delay.o(i.delay_ms)
    fang                                     0x080048e9   Thumb Code   500  jixiebi.o(i.fang)
    find_pan                                 0x08004add   Thumb Code    76  main.o(i.find_pan)
    find_x                                   0x08004b39   Thumb Code   136  main.o(i.find_x)
    find_y                                   0x08004bc9   Thumb Code   140  main.o(i.find_y)
    main                                     0x08004c5d   Thumb Code  2350  main.o(i.main)
    servo_angle                              0x080055a5   Thumb Code    32  jixiebi.o(i.servo_angle)
    shengjiang                               0x080055c9   Thumb Code    40  jixiebi.o(i.shengjiang)
    shunxu                                   0x080055f5   Thumb Code   656  main.o(i.shunxu)
    tuopan_angle                             0x08005891   Thumb Code    34  jixiebi.o(i.tuopan_angle)
    usart_SendByte                           0x080058b9   Thumb Code    18  usart.o(i.usart_SendByte)
    usart_SendByte6                          0x080058d1   Thumb Code    18  usart.o(i.usart_SendByte6)
    usart_SendCmd                            0x080058e9   Thumb Code    44  usart.o(i.usart_SendCmd)
    usart_SendCmd6                           0x08005915   Thumb Code    44  usart.o(i.usart_SendCmd6)
    wait5                                    0x08005941   Thumb Code    56  step.o(i.wait5)
    wait6                                    0x08005981   Thumb Code    56  step.o(i.wait6)
    xingshi                                  0x080059c1   Thumb Code  7376  jixiebi.o(i.xingshi)
    xuanzhuan                                0x08007691   Thumb Code    40  jixiebi.o(i.xuanzhuan)
    zhua                                     0x080076bd   Thumb Code   276  jixiebi.o(i.zhua)
    zhua_pan                                 0x080077d1   Thumb Code   250  jixiebi.o(i.zhua_pan)
    AHBPrescTable                            0x080078d8   Data          16  system_stm32f4xx.o(.constdata)
    APBPrescTable                            0x080078e8   Data           8  system_stm32f4xx.o(.constdata)
    __ctype_categories                       0x080078f0   Data          64  ctype_c.o(.constdata)
    Region$$Table$$Base                      0x08007930   Number         0  anon$$obj.o(Region$$Table)
    Region$$Table$$Limit                     0x08007950   Number         0  anon$$obj.o(Region$$Table)
    RXDATA                                   0x20000000   Data           1  main.o(.data)
    Rx_Flag                                  0x20000001   Data           1  main.o(.data)
    rxFrameFlag                              0x20000002   Data           1  main.o(.data)
    Rx_buff                                  0x20000004   Data           1  main.o(.data)
    Speed1                                   0x20000006   Data           2  main.o(.data)
    Speed2                                   0x20000008   Data           2  main.o(.data)
    Speed3                                   0x2000000a   Data           2  main.o(.data)
    Speed4                                   0x2000000c   Data           2  main.o(.data)
    Base_speed1                              0x2000000e   Data           2  main.o(.data)
    Base_speed2                              0x20000010   Data           2  main.o(.data)
    Base_speed3                              0x20000012   Data           2  main.o(.data)
    Base_speed4                              0x20000014   Data           2  main.o(.data)
    Flag                                     0x20000018   Data           4  main.o(.data)
    ffff                                     0x2000001c   Data           4  main.o(.data)
    a                                        0x20000020   Data           4  main.o(.data)
    b                                        0x20000024   Data           4  main.o(.data)
    x                                        0x20000028   Data           4  main.o(.data)
    y                                        0x2000002c   Data           4  main.o(.data)
    i                                        0x20000030   Data           4  main.o(.data)
    P_flag                                   0x20000034   Data           4  main.o(.data)
    reset_z_axis                             0x20000038   Data           5  main.o(.data)
    yaw                                      0x20000040   Data           8  main.o(.data)
    uwTickFreq                               0x20000048   Data           1  stm32f4xx_hal.o(.data)
    uwTickPrio                               0x2000004c   Data           4  stm32f4xx_hal.o(.data)
    uwTick                                   0x20000050   Data           4  stm32f4xx_hal.o(.data)
    SystemCoreClock                          0x20000054   Data           4  system_stm32f4xx.o(.data)
    Kp1                                      0x20000058   Data           8  emm_v5.o(.data)
    Ki1                                      0x20000060   Data           8  emm_v5.o(.data)
    Kd1                                      0x20000068   Data           8  emm_v5.o(.data)
    LErro1                                   0x20000070   Data           8  emm_v5.o(.data)
    LErro2                                   0x20000078   Data           8  emm_v5.o(.data)
    LErro3                                   0x20000080   Data           8  emm_v5.o(.data)
    RErro1                                   0x20000088   Data           8  emm_v5.o(.data)
    RErro2                                   0x20000090   Data           8  emm_v5.o(.data)
    RErro3                                   0x20000098   Data           8  emm_v5.o(.data)
    rx                                       0x200000a4   Data          11  main.o(.bss)
    cmd                                      0x200000b0   Data          12  main.o(.bss)
    Rx_String                                0x200000bc   Data         100  main.o(.bss)
    dj_rxCmd                                 0x20000120   Data         128  main.o(.bss)
    maix_rxCmd                               0x200001a0   Data         128  main.o(.bss)
    k230_rxCmd                               0x20000220   Data         128  main.o(.bss)
    BUFF                                     0x200002a0   Data         128  main.o(.bss)
    xz                                       0x20000320   Data         128  main.o(.bss)
    htim1                                    0x200003a0   Data          72  tim.o(.bss)
    htim3                                    0x200003e8   Data          72  tim.o(.bss)
    htim4                                    0x20000430   Data          72  tim.o(.bss)
    htim8                                    0x20000478   Data          72  tim.o(.bss)
    huart4                                   0x200004c0   Data          72  usart.o(.bss)
    huart1                                   0x20000508   Data          72  usart.o(.bss)
    huart2                                   0x20000550   Data          72  usart.o(.bss)
    huart3                                   0x20000598   Data          72  usart.o(.bss)
    huart6                                   0x200005e0   Data          72  usart.o(.bss)
    hdma_usart1_rx                           0x20000628   Data          96  usart.o(.bss)
    hdma_usart1_tx                           0x20000688   Data          96  usart.o(.bss)
    hdma_usart2_rx                           0x200006e8   Data          96  usart.o(.bss)
    hdma_usart2_tx                           0x20000748   Data          96  usart.o(.bss)
    hdma_usart3_rx                           0x200007a8   Data          96  usart.o(.bss)
    hdma_usart3_tx                           0x20000808   Data          96  usart.o(.bss)
    hdma_usart6_rx                           0x20000868   Data          96  usart.o(.bss)
    hdma_usart6_tx                           0x200008c8   Data          96  usart.o(.bss)
    OLED_DisplayBuf                          0x20000928   Data        1024  oled.o(.bss)
    __initial_sp                             0x20001128   Data           0  startup_stm32f407xx.o(STACK)



==============================================================================

Memory Map of the image

  Image Entry point : 0x08000189

  Load Region LR_IROM1 (Base: 0x08000000, Size: 0x000079f4, Max: 0x00080000, ABSOLUTE)

    Execution Region ER_IROM1 (Exec base: 0x08000000, Load base: 0x08000000, Size: 0x00007950, Max: 0x00080000, ABSOLUTE)

    Exec Addr    Load Addr    Size         Type   Attr      Idx    E Section Name        Object

    0x08000000   0x08000000   0x00000188   Data   RO            3    RESET               startup_stm32f407xx.o
    0x08000188   0x08000188   0x00000000   Code   RO         4151  * .ARM.Collect$$$$00000000  mc_w.l(entry.o)
    0x08000188   0x08000188   0x00000004   Code   RO         4259    .ARM.Collect$$$$00000001  mc_w.l(entry2.o)
    0x0800018c   0x0800018c   0x00000004   Code   RO         4262    .ARM.Collect$$$$00000004  mc_w.l(entry5.o)
    0x08000190   0x08000190   0x00000000   Code   RO         4264    .ARM.Collect$$$$00000008  mc_w.l(entry7b.o)
    0x08000190   0x08000190   0x00000000   Code   RO         4266    .ARM.Collect$$$$0000000A  mc_w.l(entry8b.o)
    0x08000190   0x08000190   0x00000008   Code   RO         4267    .ARM.Collect$$$$0000000B  mc_w.l(entry9a.o)
    0x08000198   0x08000198   0x00000004   Code   RO         4274    .ARM.Collect$$$$0000000E  mc_w.l(entry12b.o)
    0x0800019c   0x0800019c   0x00000000   Code   RO         4269    .ARM.Collect$$$$0000000F  mc_w.l(entry10a.o)
    0x0800019c   0x0800019c   0x00000000   Code   RO         4271    .ARM.Collect$$$$00000011  mc_w.l(entry11a.o)
    0x0800019c   0x0800019c   0x00000004   Code   RO         4260    .ARM.Collect$$$$00002712  mc_w.l(entry2.o)
    0x080001a0   0x080001a0   0x00000024   Code   RO            4    .text               startup_stm32f407xx.o
    0x080001c4   0x080001c4   0x00000062   Code   RO         4154    .text               mc_w.l(uldiv.o)
    0x08000226   0x08000226   0x00000024   Code   RO         4156    .text               mc_w.l(memcpya.o)
    0x0800024a   0x0800024a   0x00000024   Code   RO         4158    .text               mc_w.l(memseta.o)
    0x0800026e   0x0800026e   0x00000002   PAD
    0x08000270   0x08000270   0x00000038   Code   RO         4192    .text               mc_w.l(__0sscanf.o)
    0x080002a8   0x080002a8   0x0000014c   Code   RO         4194    .text               mc_w.l(_scanf_int.o)
    0x080003f4   0x080003f4   0x00000360   Code   RO         4196    .text               mc_w.l(scanf_fp.o)
    0x08000754   0x08000754   0x0000014e   Code   RO         4200    .text               mf_w.l(dadd.o)
    0x080008a2   0x080008a2   0x000000e4   Code   RO         4202    .text               mf_w.l(dmul.o)
    0x08000986   0x08000986   0x000000de   Code   RO         4204    .text               mf_w.l(ddiv.o)
    0x08000a64   0x08000a64   0x00000022   Code   RO         4208    .text               mf_w.l(dflti.o)
    0x08000a86   0x08000a86   0x0000003e   Code   RO         4212    .text               mf_w.l(dfixi.o)
    0x08000ac4   0x08000ac4   0x00000026   Code   RO         4216    .text               mf_w.l(f2d.o)
    0x08000aea   0x08000aea   0x00000002   PAD
    0x08000aec   0x08000aec   0x00000030   Code   RO         4218    .text               mf_w.l(cdcmple.o)
    0x08000b1c   0x08000b1c   0x00000030   Code   RO         4220    .text               mf_w.l(cdrcmple.o)
    0x08000b4c   0x08000b4c   0x00000038   Code   RO         4222    .text               mf_w.l(d2f.o)
    0x08000b84   0x08000b84   0x0000001e   Code   RO         4280    .text               mc_w.l(llshl.o)
    0x08000ba2   0x08000ba2   0x00000020   Code   RO         4282    .text               mc_w.l(llushr.o)
    0x08000bc2   0x08000bc2   0x00000024   Code   RO         4284    .text               mc_w.l(llsshr.o)
    0x08000be6   0x08000be6   0x0000001c   Code   RO         4293    .text               mc_w.l(_chval.o)
    0x08000c02   0x08000c02   0x00000002   PAD
    0x08000c04   0x08000c04   0x00000028   Code   RO         4295    .text               mc_w.l(scanf_char.o)
    0x08000c2c   0x08000c2c   0x00000040   Code   RO         4297    .text               mc_w.l(_sgetc.o)
    0x08000c6c   0x08000c6c   0x00000000   Code   RO         4299    .text               mc_w.l(iusefp.o)
    0x08000c6c   0x08000c6c   0x0000006e   Code   RO         4300    .text               mf_w.l(fepilogue.o)
    0x08000cda   0x08000cda   0x000000ba   Code   RO         4302    .text               mf_w.l(depilogue.o)
    0x08000d94   0x08000d94   0x00000018   Code   RO         4306    .text               mf_w.l(dfltul.o)
    0x08000dac   0x08000dac   0x00000024   Code   RO         4314    .text               mc_w.l(init.o)
    0x08000dd0   0x08000dd0   0x0000000a   Code   RO         4317    .text               mc_w.l(isspace_c.o)
    0x08000dda   0x08000dda   0x00000002   PAD
    0x08000ddc   0x08000ddc   0x00000330   Code   RO         4319    .text               mc_w.l(_scanf.o)
    0x0800110c   0x0800110c   0x00000028   Code   RO         4322    .text               mc_w.l(ctype_c.o)
    0x08001134   0x08001134   0x00000002   Code   RO          523    i.BusFault_Handler  stm32f4xx_it.o
    0x08001136   0x08001136   0x00000002   PAD
    0x08001138   0x08001138   0x0000000c   Code   RO          524    i.DMA1_Stream1_IRQHandler  stm32f4xx_it.o
    0x08001144   0x08001144   0x0000000c   Code   RO          525    i.DMA1_Stream3_IRQHandler  stm32f4xx_it.o
    0x08001150   0x08001150   0x0000000c   Code   RO          526    i.DMA1_Stream5_IRQHandler  stm32f4xx_it.o
    0x0800115c   0x0800115c   0x0000000c   Code   RO          527    i.DMA1_Stream6_IRQHandler  stm32f4xx_it.o
    0x08001168   0x08001168   0x0000000c   Code   RO          528    i.DMA2_Stream1_IRQHandler  stm32f4xx_it.o
    0x08001174   0x08001174   0x0000000c   Code   RO          529    i.DMA2_Stream2_IRQHandler  stm32f4xx_it.o
    0x08001180   0x08001180   0x0000000c   Code   RO          530    i.DMA2_Stream6_IRQHandler  stm32f4xx_it.o
    0x0800118c   0x0800118c   0x0000000c   Code   RO          531    i.DMA2_Stream7_IRQHandler  stm32f4xx_it.o
    0x08001198   0x08001198   0x00000028   Code   RO         2145    i.DMA_CalcBaseAndBitshift  stm32f4xx_hal_dma.o
    0x080011c0   0x080011c0   0x00000054   Code   RO         2146    i.DMA_CheckFifoParam  stm32f4xx_hal_dma.o
    0x08001214   0x08001214   0x00000028   Code   RO         2147    i.DMA_SetConfig     stm32f4xx_hal_dma.o
    0x0800123c   0x0800123c   0x00000002   Code   RO          532    i.DebugMon_Handler  stm32f4xx_it.o
    0x0800123e   0x0800123e   0x00000006   Code   RO          533    i.EXTI0_IRQHandler  stm32f4xx_it.o
    0x08001244   0x08001244   0x00000060   Code   RO         3560    i.Emm_V5_Pos_Control  emm_v5.o
    0x080012a4   0x080012a4   0x0000008a   Code   RO         3561    i.Emm_V5_Read_Sys_Params  emm_v5.o
    0x0800132e   0x0800132e   0x0000002c   Code   RO         3565    i.Emm_V5_Synchronous_motion  emm_v5.o
    0x0800135a   0x0800135a   0x0000003e   Code   RO         3566    i.Emm_V5_Vel_Control  emm_v5.o
    0x08001398   0x08001398   0x00000004   Code   RO           13    i.Error_Handler     main.o
    0x0800139c   0x0800139c   0x0000011c   Code   RO           14    i.Go                main.o
    0x080014b8   0x080014b8   0x00000092   Code   RO         2148    i.HAL_DMA_Abort     stm32f4xx_hal_dma.o
    0x0800154a   0x0800154a   0x00000024   Code   RO         2149    i.HAL_DMA_Abort_IT  stm32f4xx_hal_dma.o
    0x0800156e   0x0800156e   0x00000002   PAD
    0x08001570   0x08001570   0x000001a0   Code   RO         2153    i.HAL_DMA_IRQHandler  stm32f4xx_hal_dma.o
    0x08001710   0x08001710   0x000000d4   Code   RO         2154    i.HAL_DMA_Init      stm32f4xx_hal_dma.o
    0x080017e4   0x080017e4   0x0000006e   Code   RO         2158    i.HAL_DMA_Start_IT  stm32f4xx_hal_dma.o
    0x08001852   0x08001852   0x00000002   PAD
    0x08001854   0x08001854   0x00000020   Code   RO           15    i.HAL_GPIO_EXTI_Callback  main.o
    0x08001874   0x08001874   0x00000018   Code   RO         2040    i.HAL_GPIO_EXTI_IRQHandler  stm32f4xx_hal_gpio.o
    0x0800188c   0x0800188c   0x000001f0   Code   RO         2041    i.HAL_GPIO_Init     stm32f4xx_hal_gpio.o
    0x08001a7c   0x08001a7c   0x0000000a   Code   RO         2045    i.HAL_GPIO_WritePin  stm32f4xx_hal_gpio.o
    0x08001a86   0x08001a86   0x00000002   PAD
    0x08001a88   0x08001a88   0x0000000c   Code   RO         2579    i.HAL_GetTick       stm32f4xx_hal.o
    0x08001a94   0x08001a94   0x00000010   Code   RO         2585    i.HAL_IncTick       stm32f4xx_hal.o
    0x08001aa4   0x08001aa4   0x00000034   Code   RO         2586    i.HAL_Init          stm32f4xx_hal.o
    0x08001ad8   0x08001ad8   0x00000040   Code   RO         2587    i.HAL_InitTick      stm32f4xx_hal.o
    0x08001b18   0x08001b18   0x00000030   Code   RO          689    i.HAL_MspInit       stm32f4xx_hal_msp.o
    0x08001b48   0x08001b48   0x0000001a   Code   RO         2431    i.HAL_NVIC_EnableIRQ  stm32f4xx_hal_cortex.o
    0x08001b62   0x08001b62   0x00000002   PAD
    0x08001b64   0x08001b64   0x00000040   Code   RO         2437    i.HAL_NVIC_SetPriority  stm32f4xx_hal_cortex.o
    0x08001ba4   0x08001ba4   0x00000024   Code   RO         2438    i.HAL_NVIC_SetPriorityGrouping  stm32f4xx_hal_cortex.o
    0x08001bc8   0x08001bc8   0x00000134   Code   RO         1687    i.HAL_RCC_ClockConfig  stm32f4xx_hal_rcc.o
    0x08001cfc   0x08001cfc   0x00000020   Code   RO         1694    i.HAL_RCC_GetPCLK1Freq  stm32f4xx_hal_rcc.o
    0x08001d1c   0x08001d1c   0x00000020   Code   RO         1695    i.HAL_RCC_GetPCLK2Freq  stm32f4xx_hal_rcc.o
    0x08001d3c   0x08001d3c   0x00000064   Code   RO         1696    i.HAL_RCC_GetSysClockFreq  stm32f4xx_hal_rcc.o
    0x08001da0   0x08001da0   0x0000036c   Code   RO         1699    i.HAL_RCC_OscConfig  stm32f4xx_hal_rcc.o
    0x0800210c   0x0800210c   0x00000028   Code   RO         2442    i.HAL_SYSTICK_Config  stm32f4xx_hal_cortex.o
    0x08002134   0x08002134   0x00000002   Code   RO         1419    i.HAL_TIMEx_BreakCallback  stm32f4xx_hal_tim_ex.o
    0x08002136   0x08002136   0x00000002   Code   RO         1420    i.HAL_TIMEx_CommutCallback  stm32f4xx_hal_tim_ex.o
    0x08002138   0x08002138   0x00000054   Code   RO         1422    i.HAL_TIMEx_ConfigBreakDeadTime  stm32f4xx_hal_tim_ex.o
    0x0800218c   0x0800218c   0x00000090   Code   RO         1438    i.HAL_TIMEx_MasterConfigSynchronization  stm32f4xx_hal_tim_ex.o
    0x0800221c   0x0800221c   0x0000005a   Code   RO          715    i.HAL_TIM_Base_Init  stm32f4xx_hal_tim.o
    0x08002276   0x08002276   0x00000002   PAD
    0x08002278   0x08002278   0x0000008c   Code   RO          369    i.HAL_TIM_Base_MspInit  tim.o
    0x08002304   0x08002304   0x00000080   Code   RO          720    i.HAL_TIM_Base_Start_IT  stm32f4xx_hal_tim.o
    0x08002384   0x08002384   0x00000030   Code   RO          723    i.HAL_TIM_Base_Stop_IT  stm32f4xx_hal_tim.o
    0x080023b4   0x080023b4   0x000000dc   Code   RO          724    i.HAL_TIM_ConfigClockSource  stm32f4xx_hal_tim.o
    0x08002490   0x08002490   0x00000002   Code   RO          749    i.HAL_TIM_IC_CaptureCallback  stm32f4xx_hal_tim.o
    0x08002492   0x08002492   0x00000130   Code   RO          763    i.HAL_TIM_IRQHandler  stm32f4xx_hal_tim.o
    0x080025c2   0x080025c2   0x00000002   PAD
    0x080025c4   0x080025c4   0x00000088   Code   RO          370    i.HAL_TIM_MspPostInit  tim.o
    0x0800264c   0x0800264c   0x00000002   Code   RO          766    i.HAL_TIM_OC_DelayElapsedCallback  stm32f4xx_hal_tim.o
    0x0800264e   0x0800264e   0x000000cc   Code   RO          787    i.HAL_TIM_PWM_ConfigChannel  stm32f4xx_hal_tim.o
    0x0800271a   0x0800271a   0x0000005a   Code   RO          790    i.HAL_TIM_PWM_Init  stm32f4xx_hal_tim.o
    0x08002774   0x08002774   0x00000002   Code   RO          792    i.HAL_TIM_PWM_MspInit  stm32f4xx_hal_tim.o
    0x08002776   0x08002776   0x00000002   Code   RO          793    i.HAL_TIM_PWM_PulseFinishedCallback  stm32f4xx_hal_tim.o
    0x08002778   0x08002778   0x000000c8   Code   RO          795    i.HAL_TIM_PWM_Start  stm32f4xx_hal_tim.o
    0x08002840   0x08002840   0x000000c0   Code   RO           16    i.HAL_TIM_PeriodElapsedCallback  main.o
    0x08002900   0x08002900   0x00000002   Code   RO          806    i.HAL_TIM_TriggerCallback  stm32f4xx_hal_tim.o
    0x08002902   0x08002902   0x0000004e   Code   RO         2834    i.HAL_UARTEx_ReceiveToIdle_DMA  stm32f4xx_hal_uart.o
    0x08002950   0x08002950   0x000000e0   Code   RO           17    i.HAL_UARTEx_RxEventCallback  main.o
    0x08002a30   0x08002a30   0x00000002   Code   RO         2850    i.HAL_UART_ErrorCallback  stm32f4xx_hal_uart.o
    0x08002a32   0x08002a32   0x00000002   PAD
    0x08002a34   0x08002a34   0x00000270   Code   RO         2853    i.HAL_UART_IRQHandler  stm32f4xx_hal_uart.o
    0x08002ca4   0x08002ca4   0x00000064   Code   RO         2854    i.HAL_UART_Init     stm32f4xx_hal_uart.o
    0x08002d08   0x08002d08   0x000003d4   Code   RO          435    i.HAL_UART_MspInit  usart.o
    0x080030dc   0x080030dc   0x0000001c   Code   RO         2859    i.HAL_UART_Receive_IT  stm32f4xx_hal_uart.o
    0x080030f8   0x080030f8   0x0000016c   Code   RO           18    i.HAL_UART_RxCpltCallback  main.o
    0x08003264   0x08003264   0x00000002   Code   RO         2861    i.HAL_UART_RxHalfCpltCallback  stm32f4xx_hal_uart.o
    0x08003266   0x08003266   0x000000a0   Code   RO         2862    i.HAL_UART_Transmit  stm32f4xx_hal_uart.o
    0x08003306   0x08003306   0x00000002   Code   RO         2865    i.HAL_UART_TxCpltCallback  stm32f4xx_hal_uart.o
    0x08003308   0x08003308   0x00000002   Code   RO          534    i.HardFault_Handler  stm32f4xx_it.o
    0x0800330a   0x0800330a   0x00000002   PAD
    0x0800330c   0x0800330c   0x000000f8   Code   RO         3567    i.Left              emm_v5.o
    0x08003404   0x08003404   0x000000ac   Code   RO          344    i.MX_DMA_Init       dma.o
    0x080034b0   0x080034b0   0x000000e8   Code   RO          312    i.MX_GPIO_Init      gpio.o
    0x08003598   0x08003598   0x000000fc   Code   RO          371    i.MX_TIM1_Init      tim.o
    0x08003694   0x08003694   0x00000068   Code   RO          372    i.MX_TIM3_Init      tim.o
    0x080036fc   0x080036fc   0x00000068   Code   RO          373    i.MX_TIM4_Init      tim.o
    0x08003764   0x08003764   0x000000c8   Code   RO          374    i.MX_TIM8_Init      tim.o
    0x0800382c   0x0800382c   0x00000038   Code   RO          436    i.MX_UART4_Init     usart.o
    0x08003864   0x08003864   0x00000038   Code   RO          437    i.MX_USART1_UART_Init  usart.o
    0x0800389c   0x0800389c   0x00000038   Code   RO          438    i.MX_USART2_UART_Init  usart.o
    0x080038d4   0x080038d4   0x00000038   Code   RO          439    i.MX_USART3_UART_Init  usart.o
    0x0800390c   0x0800390c   0x00000038   Code   RO          440    i.MX_USART6_UART_Init  usart.o
    0x08003944   0x08003944   0x00000002   Code   RO          535    i.MemManage_Handler  stm32f4xx_it.o
    0x08003946   0x08003946   0x00000002   Code   RO          536    i.NMI_Handler       stm32f4xx_it.o
    0x08003948   0x08003948   0x00000028   Code   RO         3252    i.OLED_Clear        oled.o
    0x08003970   0x08003970   0x00000026   Code   RO         3261    i.OLED_GPIO_Init    oled.o
    0x08003996   0x08003996   0x0000003a   Code   RO         3263    i.OLED_I2C_SendByte  oled.o
    0x080039d0   0x080039d0   0x0000001e   Code   RO         3264    i.OLED_I2C_Start    oled.o
    0x080039ee   0x080039ee   0x00000018   Code   RO         3265    i.OLED_I2C_Stop     oled.o
    0x08003a06   0x08003a06   0x0000009c   Code   RO         3266    i.OLED_Init         oled.o
    0x08003aa2   0x08003aa2   0x00000022   Code   RO         3272    i.OLED_SetCursor    oled.o
    0x08003ac4   0x08003ac4   0x00000028   Code   RO         3282    i.OLED_Update       oled.o
    0x08003aec   0x08003aec   0x0000001c   Code   RO         3284    i.OLED_W_SCL        oled.o
    0x08003b08   0x08003b08   0x0000001c   Code   RO         3285    i.OLED_W_SDA        oled.o
    0x08003b24   0x08003b24   0x00000022   Code   RO         3286    i.OLED_WriteCommand  oled.o
    0x08003b46   0x08003b46   0x00000030   Code   RO         3287    i.OLED_WriteData    oled.o
    0x08003b76   0x08003b76   0x00000002   Code   RO          537    i.PendSV_Handler    stm32f4xx_it.o
    0x08003b78   0x08003b78   0x000000f4   Code   RO         3568    i.Right             emm_v5.o
    0x08003c6c   0x08003c6c   0x00000002   Code   RO          538    i.SVC_Handler       stm32f4xx_it.o
    0x08003c6e   0x08003c6e   0x00000002   PAD
    0x08003c70   0x08003c70   0x0000006c   Code   RO           19    i.Set_Speed         main.o
    0x08003cdc   0x08003cdc   0x00000090   Code   RO           20    i.Stop              main.o
    0x08003d6c   0x08003d6c   0x0000008c   Code   RO           21    i.Stop1             main.o
    0x08003df8   0x08003df8   0x00000048   Code   RO         3225    i.SysTick_Delay_Us  delay_us.o
    0x08003e40   0x08003e40   0x00000004   Code   RO          539    i.SysTick_Handler   stm32f4xx_it.o
    0x08003e44   0x08003e44   0x00000094   Code   RO           22    i.SystemClock_Config  main.o
    0x08003ed8   0x08003ed8   0x00000010   Code   RO         3188    i.SystemInit        system_stm32f4xx.o
    0x08003ee8   0x08003ee8   0x0000001c   Code   RO           23    i.TBQD              main.o
    0x08003f04   0x08003f04   0x0000000c   Code   RO          540    i.TIM3_IRQHandler   stm32f4xx_it.o
    0x08003f10   0x08003f10   0x000000d8   Code   RO          808    i.TIM_Base_SetConfig  stm32f4xx_hal_tim.o
    0x08003fe8   0x08003fe8   0x0000001a   Code   RO          809    i.TIM_CCxChannelCmd  stm32f4xx_hal_tim.o
    0x08004002   0x08004002   0x00000014   Code   RO          819    i.TIM_ETR_SetConfig  stm32f4xx_hal_tim.o
    0x08004016   0x08004016   0x00000010   Code   RO          820    i.TIM_ITRx_SetConfig  stm32f4xx_hal_tim.o
    0x08004026   0x08004026   0x00000002   PAD
    0x08004028   0x08004028   0x00000060   Code   RO          821    i.TIM_OC1_SetConfig  stm32f4xx_hal_tim.o
    0x08004088   0x08004088   0x0000006c   Code   RO          822    i.TIM_OC2_SetConfig  stm32f4xx_hal_tim.o
    0x080040f4   0x080040f4   0x00000068   Code   RO          823    i.TIM_OC3_SetConfig  stm32f4xx_hal_tim.o
    0x0800415c   0x0800415c   0x00000050   Code   RO          824    i.TIM_OC4_SetConfig  stm32f4xx_hal_tim.o
    0x080041ac   0x080041ac   0x00000022   Code   RO          826    i.TIM_TI1_ConfigInputStage  stm32f4xx_hal_tim.o
    0x080041ce   0x080041ce   0x00000024   Code   RO          828    i.TIM_TI2_ConfigInputStage  stm32f4xx_hal_tim.o
    0x080041f2   0x080041f2   0x00000002   PAD
    0x080041f4   0x080041f4   0x0000000c   Code   RO          541    i.UART4_IRQHandler  stm32f4xx_it.o
    0x08004200   0x08004200   0x00000010   Code   RO         2867    i.UART_DMAAbortOnError  stm32f4xx_hal_uart.o
    0x08004210   0x08004210   0x0000004a   Code   RO         2868    i.UART_DMAError     stm32f4xx_hal_uart.o
    0x0800425a   0x0800425a   0x00000086   Code   RO         2869    i.UART_DMAReceiveCplt  stm32f4xx_hal_uart.o
    0x080042e0   0x080042e0   0x0000001e   Code   RO         2871    i.UART_DMARxHalfCplt  stm32f4xx_hal_uart.o
    0x080042fe   0x080042fe   0x0000004e   Code   RO         2877    i.UART_EndRxTransfer  stm32f4xx_hal_uart.o
    0x0800434c   0x0800434c   0x0000001c   Code   RO         2878    i.UART_EndTxTransfer  stm32f4xx_hal_uart.o
    0x08004368   0x08004368   0x000000c2   Code   RO         2879    i.UART_Receive_IT   stm32f4xx_hal_uart.o
    0x0800442a   0x0800442a   0x00000002   PAD
    0x0800442c   0x0800442c   0x0000010c   Code   RO         2880    i.UART_SetConfig    stm32f4xx_hal_uart.o
    0x08004538   0x08004538   0x00000090   Code   RO         2881    i.UART_Start_Receive_DMA  stm32f4xx_hal_uart.o
    0x080045c8   0x080045c8   0x00000036   Code   RO         2882    i.UART_Start_Receive_IT  stm32f4xx_hal_uart.o
    0x080045fe   0x080045fe   0x00000072   Code   RO         2883    i.UART_WaitOnFlagUntilTimeout  stm32f4xx_hal_uart.o
    0x08004670   0x08004670   0x0000000c   Code   RO          542    i.USART1_IRQHandler  stm32f4xx_it.o
    0x0800467c   0x0800467c   0x0000000c   Code   RO          543    i.USART2_IRQHandler  stm32f4xx_it.o
    0x08004688   0x08004688   0x0000000c   Code   RO          544    i.USART3_IRQHandler  stm32f4xx_it.o
    0x08004694   0x08004694   0x0000000c   Code   RO          545    i.USART6_IRQHandler  stm32f4xx_it.o
    0x080046a0   0x080046a0   0x00000002   Code   RO          546    i.UsageFault_Handler  stm32f4xx_it.o
    0x080046a2   0x080046a2   0x0000008a   Code   RO         3995    i.ZDT_X42_V2_Read_Sys_Params  zdt_x42_v2.o
    0x0800472c   0x0800472c   0x00000060   Code   RO         4002    i.ZDT_X42_V2_Traj_Position_Control  zdt_x42_v2.o
    0x0800478c   0x0800478c   0x00000020   Code   RO         2444    i.__NVIC_SetPriority  stm32f4xx_hal_cortex.o
    0x080047ac   0x080047ac   0x0000000e   Code   RO         4327    i.__scatterload_copy  mc_w.l(handlers.o)
    0x080047ba   0x080047ba   0x00000002   Code   RO         4328    i.__scatterload_null  mc_w.l(handlers.o)
    0x080047bc   0x080047bc   0x0000000e   Code   RO         4329    i.__scatterload_zeroinit  mc_w.l(handlers.o)
    0x080047ca   0x080047ca   0x0000000e   Code   RO         4198    i._is_digit         mc_w.l(scanf_fp.o)
    0x080047d8   0x080047d8   0x000000c8   Code   RO           24    i.color             main.o
    0x080048a0   0x080048a0   0x00000048   Code   RO         3505    i.delay_ms          delay.o
    0x080048e8   0x080048e8   0x000001f4   Code   RO         3821    i.fang              jixiebi.o
    0x08004adc   0x08004adc   0x0000005c   Code   RO           25    i.find_pan          main.o
    0x08004b38   0x08004b38   0x00000090   Code   RO           26    i.find_x            main.o
    0x08004bc8   0x08004bc8   0x00000094   Code   RO           27    i.find_y            main.o
    0x08004c5c   0x08004c5c   0x00000948   Code   RO           28    i.main              main.o
    0x080055a4   0x080055a4   0x00000024   Code   RO         3822    i.servo_angle       jixiebi.o
    0x080055c8   0x080055c8   0x0000002c   Code   RO         3824    i.shengjiang        jixiebi.o
    0x080055f4   0x080055f4   0x0000029c   Code   RO           29    i.shunxu            main.o
    0x08005890   0x08005890   0x00000028   Code   RO         3825    i.tuopan_angle      jixiebi.o
    0x080058b8   0x080058b8   0x00000018   Code   RO          441    i.usart_SendByte    usart.o
    0x080058d0   0x080058d0   0x00000018   Code   RO          442    i.usart_SendByte6   usart.o
    0x080058e8   0x080058e8   0x0000002c   Code   RO          443    i.usart_SendCmd     usart.o
    0x08005914   0x08005914   0x0000002c   Code   RO          444    i.usart_SendCmd6    usart.o
    0x08005940   0x08005940   0x00000040   Code   RO         3903    i.wait5             step.o
    0x08005980   0x08005980   0x00000040   Code   RO         3904    i.wait6             step.o
    0x080059c0   0x080059c0   0x00001cd0   Code   RO         3826    i.xingshi           jixiebi.o
    0x08007690   0x08007690   0x0000002c   Code   RO         3827    i.xuanzhuan         jixiebi.o
    0x080076bc   0x080076bc   0x00000114   Code   RO         3828    i.zhua              jixiebi.o
    0x080077d0   0x080077d0   0x00000100   Code   RO         3829    i.zhua_pan          jixiebi.o
    0x080078d0   0x080078d0   0x00000008   Data   RO         2160    .constdata          stm32f4xx_hal_dma.o
    0x080078d8   0x080078d8   0x00000010   Data   RO         3189    .constdata          system_stm32f4xx.o
    0x080078e8   0x080078e8   0x00000008   Data   RO         3190    .constdata          system_stm32f4xx.o
    0x080078f0   0x080078f0   0x00000040   Data   RO         4323    .constdata          mc_w.l(ctype_c.o)
    0x08007930   0x08007930   0x00000020   Data   RO         4325    Region$$Table       anon$$obj.o


    Execution Region RW_IRAM1 (Exec base: 0x20000000, Load base: 0x08007950, Size: 0x00001128, Max: 0x0001c000, ABSOLUTE)

    Exec Addr    Load Addr    Size         Type   Attr      Idx    E Section Name        Object

    0x20000000   0x08007950   0x00000048   Data   RW           31    .data               main.o
    0x20000048   0x08007998   0x0000000c   Data   RW         2593    .data               stm32f4xx_hal.o
    0x20000054   0x080079a4   0x00000004   Data   RW         3191    .data               system_stm32f4xx.o
    0x20000058   0x080079a8   0x00000048   Data   RW         3569    .data               emm_v5.o
    0x200000a0   0x080079f0   0x00000004   Data   RW         3830    .data               jixiebi.o
    0x200000a4        -       0x000002fc   Zero   RW           30    .bss                main.o
    0x200003a0        -       0x00000120   Zero   RW          375    .bss                tim.o
    0x200004c0        -       0x00000468   Zero   RW          445    .bss                usart.o
    0x20000928        -       0x00000400   Zero   RW         3289    .bss                oled.o
    0x20000d28        -       0x00000400   Zero   RW            1    STACK               startup_stm32f407xx.o


    Execution Region RW_IRAM2 (Exec base: 0x2001c000, Load base: 0x080079f4, Size: 0x00000000, Max: 0x00004000, ABSOLUTE)

    **** No section assigned to this execution region ****


==============================================================================

Image component sizes


      Code (inc. data)   RO Data    RW Data    ZI Data      Debug   Object Name

        72          4          0          0          0        839   delay.o
        72          6          0          0          0        703   delay_us.o
       172          4          0          0          0        890   dma.o
       832         58          0         72          0       5226   emm_v5.o
       232         14          0          0          0       1083   gpio.o
      8572        164          0          4          0       9543   jixiebi.o
      5296        354          0         72        764     706559   main.o
       558         22          0          0       1024       7472   oled.o
        36          8        392          0       1024        848   startup_stm32f407xx.o
       128         16          0          0          0       1144   step.o
       144         24          0         12          0       8849   stm32f4xx_hal.o
       198         14          0          0          0      33891   stm32f4xx_hal_cortex.o
      1084         16          8          0          0       7446   stm32f4xx_hal_dma.o
       530         52          0          0          0       2867   stm32f4xx_hal_gpio.o
        48          6          0          0          0        882   stm32f4xx_hal_msp.o
      1348         76          0          0          0       5304   stm32f4xx_hal_rcc.o
      2030        138          0          0          0      17941   stm32f4xx_hal_tim.o
       232         28          0          0          0       3361   stm32f4xx_hal_tim_ex.o
      2130         30          0          0          0      16013   stm32f4xx_hal_uart.o
       194         84          0          0          0      11526   stm32f4xx_it.o
        16          4         24          4          0       1163   system_stm32f4xx.o
       936         76          0          0        288       4923   tim.o
      1396        108          0          0       1128       7760   usart.o
       234         18          0          0          0       2244   zdt_x42_v2.o

    ----------------------------------------------------------------------
     26516       1324        456        164       4228     858477   Object Totals
         0          0         32          0          0          0   (incl. Generated)
        26          0          0          0          0          0   (incl. Padding)

    ----------------------------------------------------------------------

      Code (inc. data)   RO Data    RW Data    ZI Data      Debug   Library Member Name

        56          8          0          0          0         84   __0sscanf.o
        28          0          0          0          0         68   _chval.o
       816          6          0          0          0        112   _scanf.o
       332          0          0          0          0         96   _scanf_int.o
        64          0          0          0          0         84   _sgetc.o
        40          6         64          0          0         68   ctype_c.o
         0          0          0          0          0          0   entry.o
         0          0          0          0          0          0   entry10a.o
         0          0          0          0          0          0   entry11a.o
         4          0          0          0          0          0   entry12b.o
         8          4          0          0          0          0   entry2.o
         4          0          0          0          0          0   entry5.o
         0          0          0          0          0          0   entry7b.o
         0          0          0          0          0          0   entry8b.o
         8          4          0          0          0          0   entry9a.o
        30          0          0          0          0          0   handlers.o
        36          8          0          0          0         68   init.o
        10          0          0          0          0         68   isspace_c.o
         0          0          0          0          0          0   iusefp.o
        30          0          0          0          0         68   llshl.o
        36          0          0          0          0         68   llsshr.o
        32          0          0          0          0         68   llushr.o
        36          0          0          0          0         68   memcpya.o
        36          0          0          0          0        108   memseta.o
        40          8          0          0          0         84   scanf_char.o
       878         12          0          0          0        216   scanf_fp.o
        98          0          0          0          0         92   uldiv.o
        48          0          0          0          0         68   cdcmple.o
        48          0          0          0          0         68   cdrcmple.o
        56          0          0          0          0         88   d2f.o
       334          0          0          0          0        148   dadd.o
       222          0          0          0          0        100   ddiv.o
       186          0          0          0          0        176   depilogue.o
        62          0          0          0          0         80   dfixi.o
        34          0          0          0          0         76   dflti.o
        24          0          0          0          0         76   dfltul.o
       228          0          0          0          0         96   dmul.o
        38          0          0          0          0         68   f2d.o
       110          0          0          0          0        168   fepilogue.o

    ----------------------------------------------------------------------
      4020         56         64          0          0       2632   Library Totals
         8          0          0          0          0          0   (incl. Padding)

    ----------------------------------------------------------------------

      Code (inc. data)   RO Data    RW Data    ZI Data      Debug   Library Name

      2622         56         64          0          0       1420   mc_w.l
      1390          0          0          0          0       1212   mf_w.l

    ----------------------------------------------------------------------
      4020         56         64          0          0       2632   Library Totals

    ----------------------------------------------------------------------

==============================================================================


      Code (inc. data)   RO Data    RW Data    ZI Data      Debug   

     30536       1380        520        164       4228     844261   Grand Totals
     30536       1380        520        164       4228     844261   ELF Image Totals
     30536       1380        520        164          0          0   ROM Totals

==============================================================================

    Total RO  Size (Code + RO Data)                31056 (  30.33kB)
    Total RW  Size (RW Data + ZI Data)              4392 (   4.29kB)
    Total ROM Size (Code + RO Data + RW Data)      31220 (  30.49kB)

==============================================================================

